
Allocating common symbols
Common symbol       size              file

dataArrIndex        0x4               ./Src/main.o
EXTID               0x4               ./Src/main.o
mas                 0x1               ./Src/main.o
MDLUTransmitData    0x8               ./Src/main.o
MDUSdata            0x8               ./Src/main.o
Priority            0x1               ./Src/main.o
STDID               0x4               ./Src/main.o
h52BINRmas          0xe0              ./Src/main.o
TxCntBINR           0x2               ./Src/main.o
MDLUdata            0x8               ./Src/main.o
MsgType             0x1               ./Src/main.o
RxBINR              0x800             ./Src/main.o
RxBinrBuffOverrun   0x1               ./Src/main.o
CanHandle           0x40              ./Src/main.o
Devtype             0x1               ./Src/main.o
h88BINRmas          0x45              ./Src/main.o
sendNMEA0183        0x1               ./Src/main.o
TxCntNMEA0183       0x1               ./Src/main.o
DLINA_AT            0x2               ./Src/main.o
sendRS485           0x1               ./Src/main.o
pFlash              0x18              ./Drivers/STM32F2xx_HAL_Driver/Src/stm32f2xx_hal_flash.o
sendBINR            0x1               ./Src/main.o
MsgMode             0x1               ./Src/main.o
MDUSTransmitData    0x8               ./Src/main.o
beginCANTransmitFlag
                    0x1               ./Src/main.o
huart5              0x3c              ./Src/usart.o
TxBINR              0x1f4             ./Src/main.o
hcan2               0x40              ./Src/can.o
reciveNMEA0183      0x1               ./Src/main.o
Serial              0x2               ./Src/main.o
checkMessageFlag    0x1               ./Src/main.o
hE4BINRmas          0x212             ./Src/main.o
RxNMEA0183          0x1f4             ./Src/main.o
flagnewbinr         0x1               ./Src/main.o
IIMConf             0x8               ./Src/main.o
T7Flag              0x1               ./Src/main.o
RxCntBINR           0x2               ./Src/main.o
TxNMEA0183          0x1f4             ./Src/main.o
reciveADRRS485      0x1               ./Src/main.o
MDADTransmitData    0xc               ./Src/main.o
h41BINRmas          0xc               ./Src/main.o
RxRS485             0x1f4             ./Src/main.o
TxRS485             0x1f4             ./Src/main.o
arrCANdata          0x8               ./Src/main.o
AT_COM              0x40              ./Src/main.o
inc                 0x1               ./Src/main.o
IIMinstr            0x1               ./Src/main.o
h41BINRok           0x1               ./Src/main.o
idleCounter         0x4               ./Src/main.o
reciveRS485         0x1               ./Src/main.o
TxCntRS485          0x1               ./Src/main.o
IIMTransmitType     0x1               ./Src/main.o
hE4BINRok           0x1               ./Src/main.o
aRxBuffer           0x3e8             ./Src/main.o
huart4              0x3c              ./Src/usart.o
MDADdata            0xc               ./Src/main.o
rxCounter           0x4               ./Src/main.o
framedMessagesArr   0x208             ./Src/main.o
huart2              0x3c              ./Src/usart.o
reciveBINR          0x1               ./Src/main.o
RxCntRS485          0x1               ./Src/main.o
TxMessage           0x34              ./Src/main.o
h52BINRok           0x1               ./Src/main.o
modeCANmsg          0x1               ./Src/main.o
h88BINRok           0x1               ./Src/main.o
IIMTyp              0x1               ./Src/main.o
RxCntNMEA0183       0x1               ./Src/main.o
framedArrCANTx      0x31              ./Src/main.o
RxWrIndex           0x2               ./Src/main.o
NumberSatateRxBINR  0x1               ./Src/main.o

Discarded input sections

 .group         0x00000000        0x8 ./Src/can.o
 .group         0x00000000        0x8 ./Src/can.o
 .group         0x00000000        0x8 ./Src/can.o
 .group         0x00000000        0x8 ./Src/can.o
 .group         0x00000000        0x8 ./Src/can.o
 .group         0x00000000        0x8 ./Src/can.o
 .group         0x00000000        0x8 ./Src/can.o
 .group         0x00000000        0x8 ./Src/can.o
 .group         0x00000000        0x8 ./Src/can.o
 .group         0x00000000        0x8 ./Src/can.o
 .group         0x00000000        0x8 ./Src/can.o
 .group         0x00000000        0x8 ./Src/can.o
 .group         0x00000000        0x8 ./Src/can.o
 .group         0x00000000        0x8 ./Src/can.o
 .group         0x00000000        0x8 ./Src/can.o
 .group         0x00000000        0x8 ./Src/can.o
 .group         0x00000000        0x8 ./Src/can.o
 .group         0x00000000        0x8 ./Src/can.o
 .group         0x00000000        0x8 ./Src/can.o
 .group         0x00000000        0x8 ./Src/can.o
 .group         0x00000000        0x8 ./Src/can.o
 .group         0x00000000        0x8 ./Src/can.o
 .group         0x00000000        0x8 ./Src/can.o
 .group         0x00000000        0x8 ./Src/can.o
 .group         0x00000000        0x8 ./Src/can.o
[...]
Memory Configuration

Name             Origin             Length             Attributes
FLASH            0x08000000         0x00100000         xr
RAM              0x20000000         0x00020000         xrw
*default*        0x00000000         0xffffffff

Linker script and memory map

LOAD ./Src/can.o
LOAD ./Src/gpio.o
LOAD ./Src/main.o
LOAD ./Src/stm32f2xx_hal_msp.o
LOAD ./Src/stm32f2xx_it.o
LOAD ./Src/usart.o
LOAD ./Drivers/STM32F2xx_HAL_Driver/Src/stm32f2xx_hal.o
LOAD ./Drivers/STM32F2xx_HAL_Driver/Src/stm32f2xx_hal_adc.o
LOAD ./Drivers/STM32F2xx_HAL_Driver/Src/stm32f2xx_hal_adc_ex.o
LOAD ./Drivers/STM32F2xx_HAL_Driver/Src/stm32f2xx_hal_can.o
LOAD ./Drivers/STM32F2xx_HAL_Driver/Src/stm32f2xx_hal_cortex.o
LOAD ./Drivers/STM32F2xx_HAL_Driver/Src/stm32f2xx_hal_crc.o
LOAD ./Drivers/STM32F2xx_HAL_Driver/Src/stm32f2xx_hal_cryp.o
LOAD ./Drivers/STM32F2xx_HAL_Driver/Src/stm32f2xx_hal_dac.o
LOAD ./Drivers/STM32F2xx_HAL_Driver/Src/stm32f2xx_hal_dac_ex.o
LOAD ./Drivers/STM32F2xx_HAL_Driver/Src/stm32f2xx_hal_dcmi.o
LOAD ./Drivers/STM32F2xx_HAL_Driver/Src/stm32f2xx_hal_dma.o
LOAD ./Drivers/STM32F2xx_HAL_Driver/Src/stm32f2xx_hal_dma_ex.o
LOAD ./Drivers/STM32F2xx_HAL_Driver/Src/stm32f2xx_hal_eth.o
LOAD ./Drivers/STM32F2xx_HAL_Driver/Src/stm32f2xx_hal_flash.o
LOAD ./Drivers/STM32F2xx_HAL_Driver/Src/stm32f2xx_hal_flash_ex.o
LOAD ./Drivers/STM32F2xx_HAL_Driver/Src/stm32f2xx_hal_gpio.o
LOAD ./Drivers/STM32F2xx_HAL_Driver/Src/stm32f2xx_hal_hash.o
LOAD ./Drivers/STM32F2xx_HAL_Driver/Src/stm32f2xx_hal_hcd.o
LOAD ./Drivers/STM32F2xx_HAL_Driver/Src/stm32f2xx_hal_i2c.o
LOAD ./Drivers/STM32F2xx_HAL_Driver/Src/stm32f2xx_hal_i2s.o
LOAD ./Drivers/STM32F2xx_HAL_Driver/Src/stm32f2xx_hal_irda.o
LOAD ./Drivers/STM32F2xx_HAL_Driver/Src/stm32f2xx_hal_iwdg.o
LOAD ./Drivers/STM32F2xx_HAL_Driver/Src/stm32f2xx_hal_msp_template.o
LOAD ./Drivers/STM32F2xx_HAL_Driver/Src/stm32f2xx_hal_nand.o
LOAD ./Drivers/STM32F2xx_HAL_Driver/Src/stm32f2xx_hal_nor.o
LOAD ./Drivers/STM32F2xx_HAL_Driver/Src/stm32f2xx_hal_pccard.o
LOAD ./Drivers/STM32F2xx_HAL_Driver/Src/stm32f2xx_hal_pcd.o
LOAD ./Drivers/STM32F2xx_HAL_Driver/Src/stm32f2xx_hal_pwr.o
LOAD ./Drivers/STM32F2xx_HAL_Driver/Src/stm32f2xx_hal_pwr_ex.o
LOAD ./Drivers/STM32F2xx_HAL_Driver/Src/stm32f2xx_hal_rcc.o
LOAD ./Drivers/STM32F2xx_HAL_Driver/Src/stm32f2xx_hal_rcc_ex.o
LOAD ./Drivers/STM32F2xx_HAL_Driver/Src/stm32f2xx_hal_rng.o
LOAD ./Drivers/STM32F2xx_HAL_Driver/Src/stm32f2xx_hal_rtc.o
LOAD ./Drivers/STM32F2xx_HAL_Driver/Src/stm32f2xx_hal_rtc_ex.o
LOAD ./Drivers/STM32F2xx_HAL_Driver/Src/stm32f2xx_hal_sd.o
LOAD ./Drivers/STM32F2xx_HAL_Driver/Src/stm32f2xx_hal_smartcard.o
LOAD ./Drivers/STM32F2xx_HAL_Driver/Src/stm32f2xx_hal_spi.o
LOAD ./Drivers/STM32F2xx_HAL_Driver/Src/stm32f2xx_hal_sram.o
LOAD ./Drivers/STM32F2xx_HAL_Driver/Src/stm32f2xx_hal_tim.o
LOAD ./Drivers/STM32F2xx_HAL_Driver/Src/stm32f2xx_hal_tim_ex.o
LOAD ./Drivers/STM32F2xx_HAL_Driver/Src/stm32f2xx_hal_uart.o
LOAD ./Drivers/STM32F2xx_HAL_Driver/Src/stm32f2xx_hal_usart.o
LOAD ./Drivers/STM32F2xx_HAL_Driver/Src/stm32f2xx_hal_wwdg.o
LOAD ./Drivers/STM32F2xx_HAL_Driver/Src/stm32f2xx_ll_fsmc.o
LOAD ./Drivers/STM32F2xx_HAL_Driver/Src/stm32f2xx_ll_sdmmc.o
LOAD ./Drivers/STM32F2xx_HAL_Driver/Src/stm32f2xx_ll_usb.o
LOAD ./Drivers/CMSIS/Device/ST/STM32F2xx/Source/Templates/gcc/startup_stm32f2xx.o
LOAD ./Drivers/CMSIS/Device/ST/STM32F2xx/Source/Templates/system_stm32f2xx.o
LOAD d:/soft/eclipse/toolchain/arm-2013.11/bin/../lib/gcc/arm-none-eabi/4.8.1/../../../../arm-none-eabi/lib/thumb2\libstdc++.a
LOAD d:/soft/eclipse/toolchain/arm-2013.11/bin/../lib/gcc/arm-none-eabi/4.8.1/../../../../arm-none-eabi/lib/thumb2\libm.a
START GROUP
LOAD d:/soft/eclipse/toolchain/arm-2013.11/bin/../lib/gcc/arm-none-eabi/4.8.1/thumb2\libgcc.a
LOAD d:/soft/eclipse/toolchain/arm-2013.11/bin/../lib/gcc/arm-none-eabi/4.8.1/../../../../arm-none-eabi/lib/thumb2\libc.a
END GROUP
                0x2001ffff                _estack = 0x2001ffff
                0x00000000                _Min_Heap_Size = 0x0
                0x00000400                _Min_Stack_Size = 0x400

.isr_vector     0x08000000      0x184
                0x08000000                . = ALIGN (0x4)
 *(.isr_vector)
 .isr_vector    0x08000000      0x184 ./Drivers/CMSIS/Device/ST/STM32F2xx/Source/Templates/gcc/startup_stm32f2xx.o
                0x08000000                g_pfnVectors
                0x08000184                . = ALIGN (0x4)

.text           0x08000184     0x2bc4
                0x08000184                . = ALIGN (0x4)
 *(.text)
 *(.text*)
 .text.MX_CAN2_Init
                0x08000184       0x3c ./Src/can.o
                0x08000184                MX_CAN2_Init
 .text.HAL_CAN_MspInit
                0x080001c0       0x80 ./Src/can.o
                0x080001c0                HAL_CAN_MspInit
 .text.MX_GPIO_Init
                0x08000240       0x88 ./Src/gpio.o
                0x08000240                MX_GPIO_Init
 .text.SystemClock_Config
                0x080002c8       0x50 ./Src/main.o
                0x080002c8                SystemClock_Config
 .text.prepareSTDID
                0x08000318       0x34 ./Src/main.o
                0x08000318                prepareSTDID
 .text.calcCSofArr
                0x0800034c       0x20 ./Src/main.o
                0x0800034c                calcCSofArr
 .text.prepareEXTID
                0x0800036c       0x50 ./Src/main.o
                0x0800036c                prepareEXTID
 .text.main     0x080003bc      0x2b8 ./Src/main.o
                0x080003bc                main
 .text.HAL_CAN_RxCpltCallback
                0x08000674       0x20 ./Src/main.o
                0x08000674                HAL_CAN_RxCpltCallback
 .text.HAL_CAN_ErrorCallback
                0x08000694       0x2c ./Src/main.o
                0x08000694                HAL_CAN_ErrorCallback
 .text.HAL_CAN_TxCpltCallback
                0x080006c0       0x84 ./Src/main.o
                0x080006c0                HAL_CAN_TxCpltCallback
 .text.HAL_UART_RxCpltCallback
                0x08000744      0x26c ./Src/main.o
                0x08000744                HAL_UART_RxCpltCallback
 .text.assert_failed
                0x080009b0        0x4 ./Src/main.o
                0x080009b0                assert_failed
 .text.HAL_MspInit
                0x080009b4       0x18 ./Src/stm32f2xx_hal_msp.o
                0x080009b4                HAL_MspInit
 .text.UART4_IRQHandler
                0x080009cc       0x10 ./Src/stm32f2xx_it.o
                0x080009cc                UART4_IRQHandler
 .text.SysTick_Handler
                0x080009dc        0xc ./Src/stm32f2xx_it.o
                0x080009dc                SysTick_Handler
 .text.CAN2_SCE_IRQHandler
                0x080009e8       0x10 ./Src/stm32f2xx_it.o
                0x080009e8                CAN2_SCE_IRQHandler
 .text.CAN2_TX_IRQHandler
                0x080009f8       0x10 ./Src/stm32f2xx_it.o
                0x080009f8                CAN2_TX_IRQHandler
 .text.CAN2_RX0_IRQHandler
                0x08000a08       0x10 ./Src/stm32f2xx_it.o
                0x08000a08                CAN2_RX0_IRQHandler
 .text.MX_UART4_Init
                0x08000a18       0x38 ./Src/usart.o
                0x08000a18                MX_UART4_Init
 .text.MX_UART5_Init
                0x08000a50       0x30 ./Src/usart.o
                0x08000a50                MX_UART5_Init
 .text.MX_USART2_UART_Init
                0x08000a80       0x30 ./Src/usart.o
                0x08000a80                MX_USART2_UART_Init
 .text.HAL_UART_MspInit
                0x08000ab0       0xf8 ./Src/usart.o
                0x08000ab0                HAL_UART_MspInit
 .text.HAL_Init
                0x08000ba8       0x38 ./Drivers/STM32F2xx_HAL_Driver/Src/stm32f2xx_hal.o
                0x08000ba8                HAL_Init
 .text.HAL_IncTick
                0x08000be0       0x10 ./Drivers/STM32F2xx_HAL_Driver/Src/stm32f2xx_hal.o
                0x08000be0                HAL_IncTick
 .text.HAL_GetTick
                0x08000bf0        0xc ./Drivers/STM32F2xx_HAL_Driver/Src/stm32f2xx_hal.o
                0x08000bf0                HAL_GetTick
 .text.HAL_Delay
                0x08000bfc       0x1c ./Drivers/STM32F2xx_HAL_Driver/Src/stm32f2xx_hal.o
                0x08000bfc                HAL_Delay
 .text.HAL_CAN_Init
                0x08000c18      0x288 ./Drivers/STM32F2xx_HAL_Driver/Src/stm32f2xx_hal_can.o
                0x08000c18                HAL_CAN_Init
 .text.HAL_CAN_Transmit_IT
                0x08000ea0      0x1fc ./Drivers/STM32F2xx_HAL_Driver/Src/stm32f2xx_hal_can.o
                0x08000ea0                HAL_CAN_Transmit_IT
 .text.HAL_CAN_Receive_IT
                0x0800109c       0xa8 ./Drivers/STM32F2xx_HAL_Driver/Src/stm32f2xx_hal_can.o
                0x0800109c                HAL_CAN_Receive_IT
 .text.CAN_Transmit_IT
                0x08001144       0x64 ./Drivers/STM32F2xx_HAL_Driver/Src/stm32f2xx_hal_can.o
 .text.CAN_Receive_IT
                0x080011a8      0x16c ./Drivers/STM32F2xx_HAL_Driver/Src/stm32f2xx_hal_can.o
 .text.HAL_CAN_IRQHandler
                0x08001314      0x198 ./Drivers/STM32F2xx_HAL_Driver/Src/stm32f2xx_hal_can.o
                0x08001314                HAL_CAN_IRQHandler
 .text.HAL_NVIC_SetPriorityGrouping
                0x080014ac       0x3c ./Drivers/STM32F2xx_HAL_Driver/Src/stm32f2xx_hal_cortex.o
                0x080014ac                HAL_NVIC_SetPriorityGrouping
 .text.HAL_NVIC_SetPriority
                0x080014e8       0x90 ./Drivers/STM32F2xx_HAL_Driver/Src/stm32f2xx_hal_cortex.o
                0x080014e8                HAL_NVIC_SetPriority
 .text.HAL_NVIC_EnableIRQ
                0x08001578       0x1c ./Drivers/STM32F2xx_HAL_Driver/Src/stm32f2xx_hal_cortex.o
                0x08001578                HAL_NVIC_EnableIRQ
 .text.HAL_SYSTICK_Config
                0x08001594       0x30 ./Drivers/STM32F2xx_HAL_Driver/Src/stm32f2xx_hal_cortex.o
                0x08001594                HAL_SYSTICK_Config
 .text.HAL_SYSTICK_Callback
                0x080015c4        0x4 ./Drivers/STM32F2xx_HAL_Driver/Src/stm32f2xx_hal_cortex.o
                0x080015c4                HAL_SYSTICK_Callback
 .text.HAL_SYSTICK_IRQHandler
                0x080015c8        0x8 ./Drivers/STM32F2xx_HAL_Driver/Src/stm32f2xx_hal_cortex.o
                0x080015c8                HAL_SYSTICK_IRQHandler
 .text.HAL_GPIO_Init
                0x080015d0      0x384 ./Drivers/STM32F2xx_HAL_Driver/Src/stm32f2xx_hal_gpio.o
                0x080015d0                HAL_GPIO_Init
 .text.HAL_GPIO_WritePin
                0x08001954       0x88 ./Drivers/STM32F2xx_HAL_Driver/Src/stm32f2xx_hal_gpio.o
                0x08001954                HAL_GPIO_WritePin
 .text.HAL_RCC_OscConfig
                0x080019dc      0x590 ./Drivers/STM32F2xx_HAL_Driver/Src/stm32f2xx_hal_rcc.o
                0x080019dc                HAL_RCC_OscConfig
 .text.HAL_RCC_EnableCSS
                0x08001f6c        0xc ./Drivers/STM32F2xx_HAL_Driver/Src/stm32f2xx_hal_rcc.o
                0x08001f6c                HAL_RCC_EnableCSS
 .text.HAL_RCC_GetSysClockFreq
                0x08001f78       0xb4 ./Drivers/STM32F2xx_HAL_Driver/Src/stm32f2xx_hal_rcc.o
                0x08001f78                HAL_RCC_GetSysClockFreq
 .text.HAL_RCC_GetHCLKFreq
                0x0800202c       0x3c ./Drivers/STM32F2xx_HAL_Driver/Src/stm32f2xx_hal_rcc.o
                0x0800202c                HAL_RCC_GetHCLKFreq
 .text.HAL_RCC_ClockConfig
                0x08002068      0x3ec ./Drivers/STM32F2xx_HAL_Driver/Src/stm32f2xx_hal_rcc.o
                0x08002068                HAL_RCC_ClockConfig
 .text.HAL_RCC_GetPCLK1Freq
                0x08002454       0x34 ./Drivers/STM32F2xx_HAL_Driver/Src/stm32f2xx_hal_rcc.o
                0x08002454                HAL_RCC_GetPCLK1Freq
 .text.HAL_RCC_GetPCLK2Freq
                0x08002488       0x34 ./Drivers/STM32F2xx_HAL_Driver/Src/stm32f2xx_hal_rcc.o
                0x08002488                HAL_RCC_GetPCLK2Freq
 .text.UART_SetConfig
                0x080024bc      0x398 ./Drivers/STM32F2xx_HAL_Driver/Src/stm32f2xx_hal_uart.o
 .text.HAL_UART_Init
                0x08002854       0xfc ./Drivers/STM32F2xx_HAL_Driver/Src/stm32f2xx_hal_uart.o
                0x08002854                HAL_UART_Init
 .text.HAL_UART_Transmit_IT
                0x08002950       0x78 ./Drivers/STM32F2xx_HAL_Driver/Src/stm32f2xx_hal_uart.o
                0x08002950                HAL_UART_Transmit_IT
 .text.HAL_UART_Receive_IT
                0x080029c8       0x78 ./Drivers/STM32F2xx_HAL_Driver/Src/stm32f2xx_hal_uart.o
                0x080029c8                HAL_UART_Receive_IT
 .text.HAL_UART_TxCpltCallback
                0x08002a40        0x4 ./Drivers/STM32F2xx_HAL_Driver/Src/stm32f2xx_hal_uart.o
                0x08002a40                HAL_UART_TxCpltCallback
 .text.UART_Transmit_IT
                0x08002a44       0xb0 ./Drivers/STM32F2xx_HAL_Driver/Src/stm32f2xx_hal_uart.o
 .text.UART_Receive_IT
                0x08002af4       0xd8 ./Drivers/STM32F2xx_HAL_Driver/Src/stm32f2xx_hal_uart.o
 .text.HAL_UART_ErrorCallback
                0x08002bcc        0x4 ./Drivers/STM32F2xx_HAL_Driver/Src/stm32f2xx_hal_uart.o
                0x08002bcc                HAL_UART_ErrorCallback
 .text.HAL_UART_IRQHandler
                0x08002bd0       0xec ./Drivers/STM32F2xx_HAL_Driver/Src/stm32f2xx_hal_uart.o
                0x08002bd0                HAL_UART_IRQHandler
 .text.Reset_Handler
                0x08002cbc       0x44 ./Drivers/CMSIS/Device/ST/STM32F2xx/Source/Templates/gcc/startup_stm32f2xx.o
                0x08002cbc                Reset_Handler
 .text.Default_Handler
                0x08002d00        0x2 ./Drivers/CMSIS/Device/ST/STM32F2xx/Source/Templates/gcc/startup_stm32f2xx.o
                0x08002d00                RTC_Alarm_IRQHandler
                0x08002d00                HASH_RNG_IRQHandler
                0x08002d00                EXTI2_IRQHandler
                0x08002d00                TIM8_CC_IRQHandler
                0x08002d00                DebugMon_Handler
                0x08002d00                TIM1_CC_IRQHandler
                0x08002d00                DMA2_Stream5_IRQHandler
                0x08002d00                HardFault_Handler
                0x08002d00                DMA1_Stream5_IRQHandler
                0x08002d00                PVD_IRQHandler
                0x08002d00                SDIO_IRQHandler
                0x08002d00                TAMP_STAMP_IRQHandler
                0x08002d00                PendSV_Handler
                0x08002d00                NMI_Handler
                0x08002d00                CAN2_RX1_IRQHandler
                0x08002d00                EXTI3_IRQHandler
                0x08002d00                TIM8_TRG_COM_TIM14_IRQHandler
                0x08002d00                TIM1_UP_TIM10_IRQHandler
                0x08002d00                TIM8_UP_TIM13_IRQHandler
                0x08002d00                I2C3_ER_IRQHandler
                0x08002d00                EXTI0_IRQHandler
                0x08002d00                I2C2_EV_IRQHandler
                0x08002d00                DMA1_Stream2_IRQHandler
                0x08002d00                CAN1_RX0_IRQHandler
                0x08002d00                OTG_HS_WKUP_IRQHandler
                0x08002d00                UsageFault_Handler
                0x08002d00                DMA2_Stream2_IRQHandler
                0x08002d00                SPI1_IRQHandler
                0x08002d00                TIM6_DAC_IRQHandler
                0x08002d00                TIM1_BRK_TIM9_IRQHandler
                0x08002d00                DCMI_IRQHandler
                0x08002d00                DMA2_Stream3_IRQHandler
                0x08002d00                USART6_IRQHandler
                0x08002d00                USART3_IRQHandler
                0x08002d00                CRYP_IRQHandler
                0x08002d00                CAN1_RX1_IRQHandler
                0x08002d00                UART5_IRQHandler
                0x08002d00                DMA2_Stream0_IRQHandler
                0x08002d00                TIM4_IRQHandler
                0x08002d00                I2C1_EV_IRQHandler
                0x08002d00                DMA1_Stream6_IRQHandler
                0x08002d00                DMA1_Stream1_IRQHandler
                0x08002d00                TIM3_IRQHandler
                0x08002d00                RCC_IRQHandler
                0x08002d00                TIM8_BRK_TIM12_IRQHandler
                0x08002d00                Default_Handler
                0x08002d00                EXTI15_10_IRQHandler
                0x08002d00                ADC_IRQHandler
                0x08002d00                DMA1_Stream7_IRQHandler
                0x08002d00                TIM7_IRQHandler
                0x08002d00                TIM5_IRQHandler
                0x08002d00                DMA2_Stream7_IRQHandler
                0x08002d00                I2C3_EV_IRQHandler
                0x08002d00                EXTI9_5_IRQHandler
                0x08002d00                RTC_WKUP_IRQHandler
                0x08002d00                ETH_WKUP_IRQHandler
                0x08002d00                SPI2_IRQHandler
                0x08002d00                OTG_HS_EP1_IN_IRQHandler
                0x08002d00                MemManage_Handler
                0x08002d00                DMA1_Stream0_IRQHandler
                0x08002d00                CAN1_TX_IRQHandler
                0x08002d00                SVC_Handler
                0x08002d00                EXTI4_IRQHandler
                0x08002d00                FSMC_IRQHandler
                0x08002d00                ETH_IRQHandler
                0x08002d00                OTG_HS_EP1_OUT_IRQHandler
                0x08002d00                WWDG_IRQHandler
                0x08002d00                TIM2_IRQHandler
                0x08002d00                OTG_FS_WKUP_IRQHandler
                0x08002d00                TIM1_TRG_COM_TIM11_IRQHandler
                0x08002d00                OTG_HS_IRQHandler
                0x08002d00                EXTI1_IRQHandler
                0x08002d00                USART2_IRQHandler
                0x08002d00                I2C2_ER_IRQHandler
                0x08002d00                DMA2_Stream1_IRQHandler
                0x08002d00                CAN1_SCE_IRQHandler
                0x08002d00                FLASH_IRQHandler
                0x08002d00                DMA2_Stream4_IRQHandler
                0x08002d00                BusFault_Handler
                0x08002d00                USART1_IRQHandler
                0x08002d00                OTG_FS_IRQHandler
                0x08002d00                SPI3_IRQHandler
                0x08002d00                DMA1_Stream4_IRQHandler
                0x08002d00                I2C1_ER_IRQHandler
                0x08002d00                DMA2_Stream6_IRQHandler
                0x08002d00                DMA1_Stream3_IRQHandler
 *fill*         0x08002d02        0x2 
 .text.SystemInit
                0x08002d04       0x44 ./Drivers/CMSIS/Device/ST/STM32F2xx/Source/Templates/system_stm32f2xx.o
                0x08002d04                SystemInit
 *(.glue_7)
 .glue_7        0x00000000        0x0 linker stubs
 *(.glue_7t)
 .glue_7t       0x00000000        0x0 linker stubs
 *(.eh_frame)
 *(.init)
 *(.fini)
                0x08002d48                . = ALIGN (0x4)
                0x08002d48                _etext = .

.vfp11_veneer   0x08002d48        0x0
 .vfp11_veneer  0x00000000        0x0 linker stubs

.v4_bx          0x08002d48        0x0
 .v4_bx         0x00000000        0x0 linker stubs

.iplt           0x08002d48        0x0
 .iplt          0x00000000        0x0 ./Src/can.o

.rodata         0x08002d48      0x134
                0x08002d48                . = ALIGN (0x4)
 *(.rodata)
 *(.rodata*)
 .rodata.str1.4
                0x08002d48       0x38 ./Drivers/STM32F2xx_HAL_Driver/Src/stm32f2xx_hal_can.o
 .rodata.str1.4
                0x08002d80       0x3b ./Drivers/STM32F2xx_HAL_Driver/Src/stm32f2xx_hal_cortex.o
                                 0x3c (size before relaxing)
 *fill*         0x08002dbb        0x1 
 .rodata.str1.4
                0x08002dbc       0x39 ./Drivers/STM32F2xx_HAL_Driver/Src/stm32f2xx_hal_gpio.o
                                 0x3c (size before relaxing)
 *fill*         0x08002df5        0x3 
 .rodata.APBAHBPrescTable
                0x08002df8       0x10 ./Drivers/STM32F2xx_HAL_Driver/Src/stm32f2xx_hal_rcc.o
                0x08002df8                APBAHBPrescTable
 .rodata.str1.4
                0x08002e08       0x38 ./Drivers/STM32F2xx_HAL_Driver/Src/stm32f2xx_hal_rcc.o
 .rodata.str1.4
                0x08002e40       0x3c ./Drivers/STM32F2xx_HAL_Driver/Src/stm32f2xx_hal_uart.o
                0x08002e7c                . = ALIGN (0x4)

.rel.dyn        0x08002e7c        0x0
 .rel.iplt      0x00000000        0x0 ./Src/can.o

.ARM.extab
 *(.ARM.extab* .gnu.linkonce.armextab.*)

.ARM            0x08002e7c        0x0
                0x08002e7c                __exidx_start = .
 *(.ARM.exidx*)
                0x08002e7c                __exidx_end = .

.preinit_array  0x08002e7c        0x0
                0x08002e7c                PROVIDE (__preinit_array_start, .)
 *(.preinit_array*)
                0x08002e7c                PROVIDE (__preinit_array_end, .)

.init_array     0x08002e7c        0x0
                0x08002e7c                PROVIDE (__init_array_start, .)
 *(SORT(.init_array.*))
 *(.init_array*)
                0x08002e7c                PROVIDE (__init_array_end, .)

.fini_array     0x08002e7c        0x0
                0x08002e7c                PROVIDE (__fini_array_start, .)
 *(SORT(.fini_array.*))
 *(.fini_array*)
                0x08002e7c                PROVIDE (__fini_array_end, .)
                0x08002e7c                _sidata = LOADADDR (.data)

.data           0x20000000        0x4 load address 0x08002e7c
                0x20000000                . = ALIGN (0x4)
                0x20000000                _sdata = .
 *(.data)
 *(.data*)
 .data.SystemCoreClock
                0x20000000        0x4 ./Drivers/CMSIS/Device/ST/STM32F2xx/Source/Templates/system_stm32f2xx.o
                0x20000000                SystemCoreClock
                0x20000004                . = ALIGN (0x4)
                0x20000004                _edata = .

.igot.plt       0x20000004        0x0 load address 0x08002e80
 .igot.plt      0x00000000        0x0 ./Src/can.o
                0x20000004                . = ALIGN (0x4)

.bss            0x20000004     0x1d8c load address 0x08002e80
                0x20000004                _sbss = .
                0x20000004                __bss_start__ = _sbss
 *(.bss)
 *(.bss*)
 .bss.canMessCounter
                0x20000004        0x4 ./Src/main.o
                0x20000004                canMessCounter
 .bss.uwTick    0x20000008        0x4 ./Drivers/STM32F2xx_HAL_Driver/Src/stm32f2xx_hal.o
 *(COMMON)
 COMMON         0x2000000c       0x40 ./Src/can.o
                0x2000000c                hcan2
 COMMON         0x2000004c     0x1c8d ./Src/main.o
                0x2000004c                dataArrIndex
                0x20000050                EXTID
                0x20000054                mas
                0x20000058                MDLUTransmitData
                0x20000060                MDUSdata
                0x20000068                Priority
                0x2000006c                STDID
                0x20000070                h52BINRmas
                0x20000150                TxCntBINR
                0x20000154                MDLUdata
                0x2000015c                MsgType
                0x20000160                RxBINR
                0x20000960                RxBinrBuffOverrun
                0x20000964                CanHandle
                0x200009a4                Devtype
                0x200009a8                h88BINRmas
                0x200009ed                sendNMEA0183
                0x200009ee                TxCntNMEA0183
                0x200009f0                DLINA_AT
                0x200009f2                sendRS485
                0x200009f3                sendBINR
                0x200009f4                MsgMode
                0x200009f8                MDUSTransmitData
                0x20000a00                beginCANTransmitFlag
                0x20000a04                TxBINR
                0x20000bf8                reciveNMEA0183
                0x20000bfa                Serial
                0x20000bfc                checkMessageFlag
                0x20000c00                hE4BINRmas
                0x20000e14                RxNMEA0183
                0x20001008                flagnewbinr
                0x2000100c                IIMConf
                0x20001014                T7Flag
                0x20001016                RxCntBINR
                0x20001018                TxNMEA0183
                0x2000120c                reciveADRRS485
                0x20001210                MDADTransmitData
                0x2000121c                h41BINRmas
                0x20001228                RxRS485
                0x2000141c                TxRS485
                0x20001610                arrCANdata
                0x20001618                AT_COM
                0x20001658                inc
                0x20001659                IIMinstr
                0x2000165a                h41BINRok
                0x2000165c                idleCounter
                0x20001660                reciveRS485
                0x20001661                TxCntRS485
                0x20001662                IIMTransmitType
                0x20001663                hE4BINRok
                0x20001664                aRxBuffer
                0x20001a4c                MDADdata
                0x20001a58                rxCounter
                0x20001a5c                framedMessagesArr
                0x20001c64                reciveBINR
                0x20001c65                RxCntRS485
                0x20001c68                TxMessage
                0x20001c9c                h52BINRok
                0x20001c9d                modeCANmsg
                0x20001c9e                h88BINRok
                0x20001c9f                IIMTyp
                0x20001ca0                RxCntNMEA0183
                0x20001ca4                framedArrCANTx
                0x20001cd6                RxWrIndex
                0x20001cd8                NumberSatateRxBINR
 *fill*         0x20001cd9        0x3 
 COMMON         0x20001cdc       0xb4 ./Src/usart.o
                0x20001cdc                huart5
                0x20001d18                huart4
                0x20001d54                huart2
                0x20001d90                . = ALIGN (0x4)
                0x20001d90                _ebss = .
                0x20001d90                __bss_end__ = _ebss

._user_heap_stack
                0x20001d90      0x400 load address 0x08002e80
                0x20001d90                . = ALIGN (0x4)
                0x20001d90                PROVIDE (end, .)
                0x20001d90                PROVIDE (_end, .)
                0x20001d90                . = (. + _Min_Heap_Size)
                0x20002190                . = (. + _Min_Stack_Size)
 *fill*         0x20001d90      0x400 
                0x20002190                . = ALIGN (0x4)

/DISCARD/
 libc.a(*)
 libm.a(*)
 libgcc.a(*)

.ARM.attributes
                0x00000000       0x31
 *(.ARM.attributes)
 .ARM.attributes
                0x00000000       0x33 ./Src/can.o
 .ARM.attributes
                0x00000033       0x33 ./Src/gpio.o
 .ARM.attributes
                0x00000066       0x33 ./Src/main.o
 .ARM.attributes
                0x00000099       0x33 ./Src/stm32f2xx_hal_msp.o
 .ARM.attributes
                0x000000cc       0x33 ./Src/stm32f2xx_it.o
 .ARM.attributes
                0x000000ff       0x33 ./Src/usart.o
 .ARM.attributes
                0x00000132       0x33 ./Drivers/STM32F2xx_HAL_Driver/Src/stm32f2xx_hal.o
 .ARM.attributes
                0x00000165       0x33 ./Drivers/STM32F2xx_HAL_Driver/Src/stm32f2xx_hal_can.o
 .ARM.attributes
                0x00000198       0x33 ./Drivers/STM32F2xx_HAL_Driver/Src/stm32f2xx_hal_cortex.o
 .ARM.attributes
                0x000001cb       0x33 ./Drivers/STM32F2xx_HAL_Driver/Src/stm32f2xx_hal_gpio.o
 .ARM.attributes
                0x000001fe       0x33 ./Drivers/STM32F2xx_HAL_Driver/Src/stm32f2xx_hal_rcc.o
 .ARM.attributes
                0x00000231       0x33 ./Drivers/STM32F2xx_HAL_Driver/Src/stm32f2xx_hal_uart.o
 .ARM.attributes
                0x00000264       0x21 ./Drivers/CMSIS/Device/ST/STM32F2xx/Source/Templates/gcc/startup_stm32f2xx.o
 .ARM.attributes
                0x00000285       0x33 ./Drivers/CMSIS/Device/ST/STM32F2xx/Source/Templates/system_stm32f2xx.o
OUTPUT(1.elf elf32-littlearm)

.debug_info     0x00000000     0xa0d5
 .debug_info    0x00000000      0xc6b ./Src/can.o
 .debug_info    0x00000c6b      0x3c9 ./Src/gpio.o
 .debug_info    0x00001034     0x1ce0 ./Src/main.o
 .debug_info    0x00002d14      0x32a ./Src/stm32f2xx_hal_msp.o
 .debug_info    0x0000303e      0xa83 ./Src/stm32f2xx_it.o
 .debug_info    0x00003ac1      0xc67 ./Src/usart.o
 .debug_info    0x00004728      0x549 ./Drivers/STM32F2xx_HAL_Driver/Src/stm32f2xx_hal.o
 .debug_info    0x00004c71      0xf42 ./Drivers/STM32F2xx_HAL_Driver/Src/stm32f2xx_hal_can.o
 .debug_info    0x00005bb3      0xd54 ./Drivers/STM32F2xx_HAL_Driver/Src/stm32f2xx_hal_cortex.o
 .debug_info    0x00006907      0x773 ./Drivers/STM32F2xx_HAL_Driver/Src/stm32f2xx_hal_gpio.o
 .debug_info    0x0000707a     0x17c0 ./Drivers/STM32F2xx_HAL_Driver/Src/stm32f2xx_hal_rcc.o
 .debug_info    0x0000883a     0x1389 ./Drivers/STM32F2xx_HAL_Driver/Src/stm32f2xx_hal_uart.o
 .debug_info    0x00009bc3       0x8c ./Drivers/CMSIS/Device/ST/STM32F2xx/Source/Templates/gcc/startup_stm32f2xx.o
 .debug_info    0x00009c4f      0x486 ./Drivers/CMSIS/Device/ST/STM32F2xx/Source/Templates/system_stm32f2xx.o

.debug_abbrev   0x00000000     0x19b3
 .debug_abbrev  0x00000000      0x1be ./Src/can.o
 .debug_abbrev  0x000001be      0x137 ./Src/gpio.o
 .debug_abbrev  0x000002f5      0x37e ./Src/main.o
 .debug_abbrev  0x00000673       0xd1 ./Src/stm32f2xx_hal_msp.o
 .debug_abbrev  0x00000744      0x191 ./Src/stm32f2xx_it.o
 .debug_abbrev  0x000008d5      0x1b2 ./Src/usart.o
 .debug_abbrev  0x00000a87      0x1b0 ./Drivers/STM32F2xx_HAL_Driver/Src/stm32f2xx_hal.o
 .debug_abbrev  0x00000c37      0x22f ./Drivers/STM32F2xx_HAL_Driver/Src/stm32f2xx_hal_can.o
 .debug_abbrev  0x00000e66      0x2bb ./Drivers/STM32F2xx_HAL_Driver/Src/stm32f2xx_hal_cortex.o
 .debug_abbrev  0x00001121      0x1ef ./Drivers/STM32F2xx_HAL_Driver/Src/stm32f2xx_hal_gpio.o
 .debug_abbrev  0x00001310      0x32b ./Drivers/STM32F2xx_HAL_Driver/Src/stm32f2xx_hal_rcc.o
 .debug_abbrev  0x0000163b      0x262 ./Drivers/STM32F2xx_HAL_Driver/Src/stm32f2xx_hal_uart.o
 .debug_abbrev  0x0000189d       0x12 ./Drivers/CMSIS/Device/ST/STM32F2xx/Source/Templates/gcc/startup_stm32f2xx.o
 .debug_abbrev  0x000018af      0x104 ./Drivers/CMSIS/Device/ST/STM32F2xx/Source/Templates/system_stm32f2xx.o

.debug_loc      0x00000000     0x2d3e
 .debug_loc     0x00000000       0x42 ./Src/can.o
 .debug_loc     0x00000042      0x6ca ./Src/main.o
 .debug_loc     0x0000070c       0xa6 ./Src/usart.o
 .debug_loc     0x000007b2       0x1f ./Drivers/STM32F2xx_HAL_Driver/Src/stm32f2xx_hal.o
 .debug_loc     0x000007d1      0x674 ./Drivers/STM32F2xx_HAL_Driver/Src/stm32f2xx_hal_can.o
 .debug_loc     0x00000e45      0x537 ./Drivers/STM32F2xx_HAL_Driver/Src/stm32f2xx_hal_cortex.o
 .debug_loc     0x0000137c      0x2aa ./Drivers/STM32F2xx_HAL_Driver/Src/stm32f2xx_hal_gpio.o
 .debug_loc     0x00001626      0x700 ./Drivers/STM32F2xx_HAL_Driver/Src/stm32f2xx_hal_rcc.o
 .debug_loc     0x00001d26      0xf15 ./Drivers/STM32F2xx_HAL_Driver/Src/stm32f2xx_hal_uart.o
 .debug_loc     0x00002c3b      0x103 ./Drivers/CMSIS/Device/ST/STM32F2xx/Source/Templates/system_stm32f2xx.o

.debug_aranges  0x00000000      0x5c8
 .debug_aranges
                0x00000000       0x30 ./Src/can.o
 .debug_aranges
                0x00000030       0x20 ./Src/gpio.o
 .debug_aranges
                0x00000050       0x80 ./Src/main.o
 .debug_aranges
                0x000000d0       0x20 ./Src/stm32f2xx_hal_msp.o
 .debug_aranges
                0x000000f0       0x40 ./Src/stm32f2xx_it.o
 .debug_aranges
                0x00000130       0x40 ./Src/usart.o
 .debug_aranges
                0x00000170       0xa8 ./Drivers/STM32F2xx_HAL_Driver/Src/stm32f2xx_hal.o
 .debug_aranges
                0x00000218       0xb0 ./Drivers/STM32F2xx_HAL_Driver/Src/stm32f2xx_hal_can.o
 .debug_aranges
                0x000002c8       0x90 ./Drivers/STM32F2xx_HAL_Driver/Src/stm32f2xx_hal_cortex.o
 .debug_aranges
                0x00000358       0x50 ./Drivers/STM32F2xx_HAL_Driver/Src/stm32f2xx_hal_gpio.o
 .debug_aranges
                0x000003a8       0x88 ./Drivers/STM32F2xx_HAL_Driver/Src/stm32f2xx_hal_rcc.o
 .debug_aranges
                0x00000430      0x148 ./Drivers/STM32F2xx_HAL_Driver/Src/stm32f2xx_hal_uart.o
 .debug_aranges
                0x00000578       0x28 ./Drivers/CMSIS/Device/ST/STM32F2xx/Source/Templates/gcc/startup_stm32f2xx.o
 .debug_aranges
                0x000005a0       0x28 ./Drivers/CMSIS/Device/ST/STM32F2xx/Source/Templates/system_stm32f2xx.o

.debug_ranges   0x00000000      0x5a0
 .debug_ranges  0x00000000       0x20 ./Src/can.o
 .debug_ranges  0x00000020       0x10 ./Src/gpio.o
 .debug_ranges  0x00000030      0x120 ./Src/main.o
 .debug_ranges  0x00000150       0x10 ./Src/stm32f2xx_hal_msp.o
 .debug_ranges  0x00000160       0x30 ./Src/stm32f2xx_it.o
 .debug_ranges  0x00000190       0x30 ./Src/usart.o
 .debug_ranges  0x000001c0       0x98 ./Drivers/STM32F2xx_HAL_Driver/Src/stm32f2xx_hal.o
 .debug_ranges  0x00000258       0xa0 ./Drivers/STM32F2xx_HAL_Driver/Src/stm32f2xx_hal_can.o
 .debug_ranges  0x000002f8       0x80 ./Drivers/STM32F2xx_HAL_Driver/Src/stm32f2xx_hal_cortex.o
 .debug_ranges  0x00000378       0x40 ./Drivers/STM32F2xx_HAL_Driver/Src/stm32f2xx_hal_gpio.o
 .debug_ranges  0x000003b8       0x78 ./Drivers/STM32F2xx_HAL_Driver/Src/stm32f2xx_hal_rcc.o
 .debug_ranges  0x00000430      0x138 ./Drivers/STM32F2xx_HAL_Driver/Src/stm32f2xx_hal_uart.o
 .debug_ranges  0x00000568       0x20 ./Drivers/CMSIS/Device/ST/STM32F2xx/Source/Templates/gcc/startup_stm32f2xx.o
 .debug_ranges  0x00000588       0x18 ./Drivers/CMSIS/Device/ST/STM32F2xx/Source/Templates/system_stm32f2xx.o

.debug_macro    0x00000000     0xd0e3
 .debug_macro   0x00000000      0x17c ./Src/can.o
 .debug_macro   0x0000017c      0x880 ./Src/can.o
 .debug_macro   0x000009fc      0x18c ./Src/can.o
 .debug_macro   0x00000b88       0x28 ./Src/can.o
 .debug_macro   0x00000bb0       0x22 ./Src/can.o
 .debug_macro   0x00000bd2       0x3a ./Src/can.o
 .debug_macro   0x00000c0c       0x52 ./Src/can.o
 .debug_macro   0x00000c5e       0x16 ./Src/can.o
 .debug_macro   0x00000c74       0x35 ./Src/can.o
 .debug_macro   0x00000ca9       0xa3 ./Src/can.o
 .debug_macro   0x00000d4c      0x20e ./Src/can.o
 .debug_macro   0x00000f5a       0x2d ./Src/can.o
 .debug_macro   0x00000f87      0xbb1 ./Src/can.o
 .debug_macro   0x00001b38     0x832f ./Src/can.o
 .debug_macro   0x00009e67       0x43 ./Src/can.o
 .debug_macro   0x00009eaa       0x46 ./Src/can.o
 .debug_macro   0x00009ef0      0xe89 ./Src/can.o
 .debug_macro   0x0000ad79       0x2e ./Src/can.o
 .debug_macro   0x0000ada7      0x138 ./Src/can.o
 .debug_macro   0x0000aedf       0xfb ./Src/can.o
 .debug_macro   0x0000afda      0x2c6 ./Src/can.o
 .debug_macro   0x0000b2a0       0x52 ./Src/can.o
 .debug_macro   0x0000b2f2      0x3bb ./Src/can.o
 .debug_macro   0x0000b6ad      0x132 ./Src/can.o
 .debug_macro   0x0000b7df      0x1fc ./Src/can.o
 .debug_macro   0x0000b9db      0x155 ./Src/can.o
 .debug_macro   0x0000bb30      0x1ed ./Src/can.o
 .debug_macro   0x0000bd1d      0x125 ./Src/can.o
 .debug_macro   0x0000be42      0x172 ./Src/gpio.o
 .debug_macro   0x0000bfb4      0x202 ./Src/main.o
 .debug_macro   0x0000c1b6       0x22 ./Src/main.o
 .debug_macro   0x0000c1d8      0x168 ./Src/stm32f2xx_hal_msp.o
 .debug_macro   0x0000c340      0x172 ./Src/stm32f2xx_it.o
 .debug_macro   0x0000c4b2      0x17c ./Src/usart.o
 .debug_macro   0x0000c62e      0x1b6 ./Drivers/STM32F2xx_HAL_Driver/Src/stm32f2xx_hal.o
 .debug_macro   0x0000c7e4      0x168 ./Drivers/STM32F2xx_HAL_Driver/Src/stm32f2xx_hal_can.o
 .debug_macro   0x0000c94c      0x168 ./Drivers/STM32F2xx_HAL_Driver/Src/stm32f2xx_hal_cortex.o
 .debug_macro   0x0000cab4      0x1a7 ./Drivers/STM32F2xx_HAL_Driver/Src/stm32f2xx_hal_gpio.o
 .debug_macro   0x0000cc5b      0x1aa ./Drivers/STM32F2xx_HAL_Driver/Src/stm32f2xx_hal_rcc.o
 .debug_macro   0x0000ce05      0x170 ./Drivers/STM32F2xx_HAL_Driver/Src/stm32f2xx_hal_uart.o
 .debug_macro   0x0000cf75      0x16e ./Drivers/CMSIS/Device/ST/STM32F2xx/Source/Templates/system_stm32f2xx.o

.debug_line     0x00000000     0x52b3
 .debug_line    0x00000000      0x490 ./Src/can.o
 .debug_line    0x00000490      0x459 ./Src/gpio.o
 .debug_line    0x000008e9      0x6e5 ./Src/main.o
 .debug_line    0x00000fce      0x449 ./Src/stm32f2xx_hal_msp.o
 .debug_line    0x00001417      0x49a ./Src/stm32f2xx_it.o
 .debug_line    0x000018b1      0x4d7 ./Src/usart.o
 .debug_line    0x00001d88      0x59d ./Drivers/STM32F2xx_HAL_Driver/Src/stm32f2xx_hal.o
 .debug_line    0x00002325      0x98d ./Drivers/STM32F2xx_HAL_Driver/Src/stm32f2xx_hal_can.o
 .debug_line    0x00002cb2      0x609 ./Drivers/STM32F2xx_HAL_Driver/Src/stm32f2xx_hal_cortex.o
 .debug_line    0x000032bb      0x5d9 ./Drivers/STM32F2xx_HAL_Driver/Src/stm32f2xx_hal_gpio.o
 .debug_line    0x00003894      0x904 ./Drivers/STM32F2xx_HAL_Driver/Src/stm32f2xx_hal_rcc.o
 .debug_line    0x00004198      0xbd2 ./Drivers/STM32F2xx_HAL_Driver/Src/stm32f2xx_hal_uart.o
 .debug_line    0x00004d6a       0xa9 ./Drivers/CMSIS/Device/ST/STM32F2xx/Source/Templates/gcc/startup_stm32f2xx.o
 .debug_line    0x00004e13      0x4a0 ./Drivers/CMSIS/Device/ST/STM32F2xx/Source/Templates/system_stm32f2xx.o

.debug_str      0x00000000    0x4eaf7
 .debug_str     0x00000000    0x4c6d7 ./Src/can.o
                              0x4c7cf (size before relaxing)
 .debug_str     0x0004c6d7       0x1b ./Src/gpio.o
                              0x4bfc7 (size before relaxing)
 .debug_str     0x0004c6f2      0xe3b ./Src/main.o
                              0x4d006 (size before relaxing)
 .debug_str     0x0004d52d       0x44 ./Src/stm32f2xx_hal_msp.o
                              0x4c347 (size before relaxing)
 .debug_str     0x0004d571       0xce ./Src/stm32f2xx_it.o
                              0x4c5f1 (size before relaxing)
 .debug_str     0x0004d63f       0x4f ./Src/usart.o
                              0x4ca3e (size before relaxing)
 .debug_str     0x0004d68e      0x45d ./Drivers/STM32F2xx_HAL_Driver/Src/stm32f2xx_hal.o
                              0x4c416 (size before relaxing)
 .debug_str     0x0004daeb      0x1ac ./Drivers/STM32F2xx_HAL_Driver/Src/stm32f2xx_hal_can.o
                              0x4c3ad (size before relaxing)
 .debug_str     0x0004dc97      0x275 ./Drivers/STM32F2xx_HAL_Driver/Src/stm32f2xx_hal_cortex.o
                              0x4c739 (size before relaxing)
 .debug_str     0x0004df0c      0x53b ./Drivers/STM32F2xx_HAL_Driver/Src/stm32f2xx_hal_gpio.o
                              0x4c551 (size before relaxing)
 .debug_str     0x0004e447      0x2ff ./Drivers/STM32F2xx_HAL_Driver/Src/stm32f2xx_hal_rcc.o
                              0x4ca37 (size before relaxing)
 .debug_str     0x0004e746      0x328 ./Drivers/STM32F2xx_HAL_Driver/Src/stm32f2xx_hal_uart.o
                              0x4c750 (size before relaxing)
 .debug_str     0x0004ea6e       0x89 ./Drivers/CMSIS/Device/ST/STM32F2xx/Source/Templates/system_stm32f2xx.o
                              0x4c02b (size before relaxing)

.comment        0x00000000       0x30
 .comment       0x00000000       0x30 ./Src/can.o
                                 0x31 (size before relaxing)
 .comment       0x00000000       0x31 ./Src/gpio.o
 .comment       0x00000000       0x31 ./Src/main.o
 .comment       0x00000000       0x31 ./Src/stm32f2xx_hal_msp.o
 .comment       0x00000000       0x31 ./Src/stm32f2xx_it.o
 .comment       0x00000000       0x31 ./Src/usart.o
 .comment       0x00000000       0x31 ./Drivers/STM32F2xx_HAL_Driver/Src/stm32f2xx_hal.o
 .comment       0x00000000       0x31 ./Drivers/STM32F2xx_HAL_Driver/Src/stm32f2xx_hal_can.o
 .comment       0x00000000       0x31 ./Drivers/STM32F2xx_HAL_Driver/Src/stm32f2xx_hal_cortex.o
 .comment       0x00000000       0x31 ./Drivers/STM32F2xx_HAL_Driver/Src/stm32f2xx_hal_gpio.o
 .comment       0x00000000       0x31 ./Drivers/STM32F2xx_HAL_Driver/Src/stm32f2xx_hal_rcc.o
 .comment       0x00000000       0x31 ./Drivers/STM32F2xx_HAL_Driver/Src/stm32f2xx_hal_uart.o
 .comment       0x00000000       0x31 ./Drivers/CMSIS/Device/ST/STM32F2xx/Source/Templates/system_stm32f2xx.o

.debug_frame    0x00000000      0xd20
 .debug_frame   0x00000000       0x5c ./Src/can.o
 .debug_frame   0x0000005c       0x30 ./Src/gpio.o
 .debug_frame   0x0000008c      0x168 ./Src/main.o
 .debug_frame   0x000001f4       0x28 ./Src/stm32f2xx_hal_msp.o
 .debug_frame   0x0000021c       0x88 ./Src/stm32f2xx_it.o
 .debug_frame   0x000002a4       0x90 ./Src/usart.o
 .debug_frame   0x00000334      0x14c ./Drivers/STM32F2xx_HAL_Driver/Src/stm32f2xx_hal.o
 .debug_frame   0x00000480      0x1d4 ./Drivers/STM32F2xx_HAL_Driver/Src/stm32f2xx_hal_can.o
 .debug_frame   0x00000654      0x134 ./Drivers/STM32F2xx_HAL_Driver/Src/stm32f2xx_hal_cortex.o
 .debug_frame   0x00000788       0xd8 ./Drivers/STM32F2xx_HAL_Driver/Src/stm32f2xx_hal_gpio.o
 .debug_frame   0x00000860      0x13c ./Drivers/STM32F2xx_HAL_Driver/Src/stm32f2xx_hal_rcc.o
 .debug_frame   0x0000099c      0x354 ./Drivers/STM32F2xx_HAL_Driver/Src/stm32f2xx_hal_uart.o
 .debug_frame   0x00000cf0       0x30 ./Drivers/CMSIS/Device/ST/STM32F2xx/Source/Templates/system_stm32f2xx.o
