
Allocating common symbols
Common symbol       size              file

dataArrIndex        0x4               ./Src/main.o
EXTID               0x4               ./Src/main.o
mas                 0x1               ./Src/main.o
MDLUTransmitData    0x8               ./Src/main.o
MDUSdata            0x8               ./Src/main.o
Priority            0x1               ./Src/main.o
STDID               0x4               ./Src/main.o
h52BINRmas          0xe0              ./Src/main.o
TxCntBINR           0x2               ./Src/main.o
MDLUdata            0x8               ./Src/main.o
MsgType             0x1               ./Src/main.o
RxBINR              0x800             ./Src/main.o
RxBinrBuffOverrun   0x1               ./Src/main.o
CanHandle           0x40              ./Src/main.o
Devtype             0x1               ./Src/main.o
h88BINRmas          0x45              ./Src/main.o
sendNMEA0183        0x1               ./Src/main.o
TxCntNMEA0183       0x1               ./Src/main.o
DLINA_AT            0x2               ./Src/main.o
sendRS485           0x1               ./Src/main.o
pFlash              0x18              ./Drivers/STM32F2xx_HAL_Driver/Src/stm32f2xx_hal_flash.o
sendBINR            0x1               ./Src/main.o
MsgMode             0x1               ./Src/main.o
MDUSTransmitData    0x8               ./Src/main.o
beginCANTransmitFlag
                    0x1               ./Src/main.o
huart5              0x3c              ./Src/usart.o
TxBINR              0x1f4             ./Src/main.o
hcan2               0x40              ./Src/can.o
reciveNMEA0183      0x1               ./Src/main.o
Serial              0x2               ./Src/main.o
checkMessageFlag    0x1               ./Src/main.o
hE4BINRmas          0x212             ./Src/main.o
RxNMEA0183          0x1f4             ./Src/main.o
flagnewbinr         0x1               ./Src/main.o
IIMConf             0x8               ./Src/main.o
T7Flag              0x1               ./Src/main.o
RxCntBINR           0x2               ./Src/main.o
TxNMEA0183          0x1f4             ./Src/main.o
reciveADRRS485      0x1               ./Src/main.o
MDADTransmitData    0xc               ./Src/main.o
h41BINRmas          0xc               ./Src/main.o
RxRS485             0x1f4             ./Src/main.o
TxRS485             0x1f4             ./Src/main.o
arrCANdata          0x8               ./Src/main.o
AT_COM              0x40              ./Src/main.o
inc                 0x1               ./Src/main.o
IIMinstr            0x1               ./Src/main.o
h41BINRok           0x1               ./Src/main.o
idleCounter         0x4               ./Src/main.o
reciveRS485         0x1               ./Src/main.o
TxCntRS485          0x1               ./Src/main.o
IIMTransmitType     0x1               ./Src/main.o
hE4BINRok           0x1               ./Src/main.o
aRxBuffer           0x3e8             ./Src/main.o
huart4              0x3c              ./Src/usart.o
MDADdata            0xc               ./Src/main.o
rxCounter           0x4               ./Src/main.o
framedMessagesArr   0x208             ./Src/main.o
huart2              0x3c              ./Src/usart.o
reciveBINR          0x1               ./Src/main.o
RxCntRS485          0x1               ./Src/main.o
TxMessage           0x34              ./Src/main.o
h52BINRok           0x1               ./Src/main.o
modeCANmsg          0x1               ./Src/main.o
h88BINRok           0x1               ./Src/main.o
IIMTyp              0x1               ./Src/main.o
RxCntNMEA0183       0x1               ./Src/main.o
framedArrCANTx      0x31              ./Src/main.o
RxWrIndex           0x2               ./Src/main.o
NumberSatateRxBINR  0x1               ./Src/main.o

Discarded input sections

 .group         0x00000000        0x8 ./Src/can.o
 .group         0x00000000        0x8 ./Src/can.o
 .group         0x00000000        0x8 ./Src/can.o
 .group         0x00000000        0x8 ./Src/can.o
 .group         0x00000000        0x8 ./Src/can.o
 .group         0x00000000        0x8 ./Src/can.o
 .group         0x00000000        0x8 ./Src/can.o
 .group         0x00000000        0x8 ./Src/can.o
 .group         0x00000000        0x8 ./Src/can.o
 .group         0x00000000        0x8 ./Src/can.o
 .group         0x00000000        0x8 ./Src/can.o
 .group         0x00000000        0x8 ./Src/can.o
 .group         0x00000000        0x8 ./Src/can.o
 .group         0x00000000        0x8 ./Src/can.o
 .group         0x00000000        0x8 ./Src/can.o
 .group         0x00000000        0x8 ./Src/can.o
 .group         0x00000000        0x8 ./Src/can.o
 .group         0x00000000        0x8 ./Src/can.o
 .group         0x00000000        0x8 ./Src/can.o
 .group         0x00000000        0x8 ./Src/can.o
 .group         0x00000000        0x8 ./Src/can.o
 .group         0x00000000        0x8 ./Src/can.o
 .group         0x00000000        0x8 ./Src/can.o
 .group         0x00000000        0x8 ./Src/can.o
 .group         0x00000000        0x8 ./Src/can.o
[...]
Memory Configuration

Name             Origin             Length             Attributes
FLASH            0x08000000         0x00100000         xr
RAM              0x20000000         0x00020000         xrw
*default*        0x00000000         0xffffffff

Linker script and memory map

LOAD ./Src/can.o
LOAD ./Src/gpio.o
LOAD ./Src/main.o
LOAD ./Src/stm32f2xx_hal_msp.o
LOAD ./Src/stm32f2xx_it.o
LOAD ./Src/usart.o
LOAD ./Drivers/STM32F2xx_HAL_Driver/Src/stm32f2xx_hal.o
LOAD ./Drivers/STM32F2xx_HAL_Driver/Src/stm32f2xx_hal_adc.o
LOAD ./Drivers/STM32F2xx_HAL_Driver/Src/stm32f2xx_hal_adc_ex.o
LOAD ./Drivers/STM32F2xx_HAL_Driver/Src/stm32f2xx_hal_can.o
LOAD ./Drivers/STM32F2xx_HAL_Driver/Src/stm32f2xx_hal_cortex.o
LOAD ./Drivers/STM32F2xx_HAL_Driver/Src/stm32f2xx_hal_crc.o
LOAD ./Drivers/STM32F2xx_HAL_Driver/Src/stm32f2xx_hal_cryp.o
LOAD ./Drivers/STM32F2xx_HAL_Driver/Src/stm32f2xx_hal_dac.o
LOAD ./Drivers/STM32F2xx_HAL_Driver/Src/stm32f2xx_hal_dac_ex.o
LOAD ./Drivers/STM32F2xx_HAL_Driver/Src/stm32f2xx_hal_dcmi.o
LOAD ./Drivers/STM32F2xx_HAL_Driver/Src/stm32f2xx_hal_dma.o
LOAD ./Drivers/STM32F2xx_HAL_Driver/Src/stm32f2xx_hal_dma_ex.o
LOAD ./Drivers/STM32F2xx_HAL_Driver/Src/stm32f2xx_hal_eth.o
LOAD ./Drivers/STM32F2xx_HAL_Driver/Src/stm32f2xx_hal_flash.o
LOAD ./Drivers/STM32F2xx_HAL_Driver/Src/stm32f2xx_hal_flash_ex.o
LOAD ./Drivers/STM32F2xx_HAL_Driver/Src/stm32f2xx_hal_gpio.o
LOAD ./Drivers/STM32F2xx_HAL_Driver/Src/stm32f2xx_hal_hash.o
LOAD ./Drivers/STM32F2xx_HAL_Driver/Src/stm32f2xx_hal_hcd.o
LOAD ./Drivers/STM32F2xx_HAL_Driver/Src/stm32f2xx_hal_i2c.o
LOAD ./Drivers/STM32F2xx_HAL_Driver/Src/stm32f2xx_hal_i2s.o
LOAD ./Drivers/STM32F2xx_HAL_Driver/Src/stm32f2xx_hal_irda.o
LOAD ./Drivers/STM32F2xx_HAL_Driver/Src/stm32f2xx_hal_iwdg.o
LOAD ./Drivers/STM32F2xx_HAL_Driver/Src/stm32f2xx_hal_msp_template.o
LOAD ./Drivers/STM32F2xx_HAL_Driver/Src/stm32f2xx_hal_nand.o
LOAD ./Drivers/STM32F2xx_HAL_Driver/Src/stm32f2xx_hal_nor.o
LOAD ./Drivers/STM32F2xx_HAL_Driver/Src/stm32f2xx_hal_pccard.o
LOAD ./Drivers/STM32F2xx_HAL_Driver/Src/stm32f2xx_hal_pcd.o
LOAD ./Drivers/STM32F2xx_HAL_Driver/Src/stm32f2xx_hal_pwr.o
LOAD ./Drivers/STM32F2xx_HAL_Driver/Src/stm32f2xx_hal_pwr_ex.o
LOAD ./Drivers/STM32F2xx_HAL_Driver/Src/stm32f2xx_hal_rcc.o
LOAD ./Drivers/STM32F2xx_HAL_Driver/Src/stm32f2xx_hal_rcc_ex.o
LOAD ./Drivers/STM32F2xx_HAL_Driver/Src/stm32f2xx_hal_rng.o
LOAD ./Drivers/STM32F2xx_HAL_Driver/Src/stm32f2xx_hal_rtc.o
LOAD ./Drivers/STM32F2xx_HAL_Driver/Src/stm32f2xx_hal_rtc_ex.o
LOAD ./Drivers/STM32F2xx_HAL_Driver/Src/stm32f2xx_hal_sd.o
LOAD ./Drivers/STM32F2xx_HAL_Driver/Src/stm32f2xx_hal_smartcard.o
LOAD ./Drivers/STM32F2xx_HAL_Driver/Src/stm32f2xx_hal_spi.o
LOAD ./Drivers/STM32F2xx_HAL_Driver/Src/stm32f2xx_hal_sram.o
LOAD ./Drivers/STM32F2xx_HAL_Driver/Src/stm32f2xx_hal_tim.o
LOAD ./Drivers/STM32F2xx_HAL_Driver/Src/stm32f2xx_hal_tim_ex.o
LOAD ./Drivers/STM32F2xx_HAL_Driver/Src/stm32f2xx_hal_uart.o
LOAD ./Drivers/STM32F2xx_HAL_Driver/Src/stm32f2xx_hal_usart.o
LOAD ./Drivers/STM32F2xx_HAL_Driver/Src/stm32f2xx_hal_wwdg.o
LOAD ./Drivers/STM32F2xx_HAL_Driver/Src/stm32f2xx_ll_fsmc.o
LOAD ./Drivers/STM32F2xx_HAL_Driver/Src/stm32f2xx_ll_sdmmc.o
LOAD ./Drivers/STM32F2xx_HAL_Driver/Src/stm32f2xx_ll_usb.o
LOAD ./Drivers/CMSIS/Device/ST/STM32F2xx/Source/Templates/gcc/startup_stm32f2xx.o
LOAD ./Drivers/CMSIS/Device/ST/STM32F2xx/Source/Templates/system_stm32f2xx.o
LOAD d:/soft/eclipse/toolchain/arm-2013.11/bin/../lib/gcc/arm-none-eabi/4.8.1/../../../../arm-none-eabi/lib/thumb2\libstdc++.a
LOAD d:/soft/eclipse/toolchain/arm-2013.11/bin/../lib/gcc/arm-none-eabi/4.8.1/../../../../arm-none-eabi/lib/thumb2\libm.a
START GROUP
LOAD d:/soft/eclipse/toolchain/arm-2013.11/bin/../lib/gcc/arm-none-eabi/4.8.1/thumb2\libgcc.a
LOAD d:/soft/eclipse/toolchain/arm-2013.11/bin/../lib/gcc/arm-none-eabi/4.8.1/../../../../arm-none-eabi/lib/thumb2\libc.a
END GROUP
                0x2001ffff                _estack = 0x2001ffff
                0x00000000                _Min_Heap_Size = 0x0
                0x00000400                _Min_Stack_Size = 0x400

.isr_vector     0x08000000      0x184
                0x08000000                . = ALIGN (0x4)
 *(.isr_vector)
 .isr_vector    0x08000000      0x184 ./Drivers/CMSIS/Device/ST/STM32F2xx/Source/Templates/gcc/startup_stm32f2xx.o
                0x08000000                g_pfnVectors
                0x08000184                . = ALIGN (0x4)

.text           0x08000184     0x2810
                0x08000184                . = ALIGN (0x4)
 *(.text)
 *(.text*)
 .text.MX_CAN2_Init
                0x08000184       0x3c ./Src/can.o
                0x08000184                MX_CAN2_Init
 .text.HAL_CAN_MspInit
                0x080001c0       0x50 ./Src/can.o
                0x080001c0                HAL_CAN_MspInit
 .text.MX_GPIO_Init
                0x08000210       0x88 ./Src/gpio.o
                0x08000210                MX_GPIO_Init
 .text.SystemClock_Config
                0x08000298       0x50 ./Src/main.o
                0x08000298                SystemClock_Config
 .text.prepareSTDID
                0x080002e8       0x34 ./Src/main.o
                0x080002e8                prepareSTDID
 .text.calcCSofArr
                0x0800031c       0x20 ./Src/main.o
                0x0800031c                calcCSofArr
 .text.prepareEXTID
                0x0800033c       0x50 ./Src/main.o
                0x0800033c                prepareEXTID
 .text.main     0x0800038c      0x2d4 ./Src/main.o
                0x0800038c                main
 .text.HAL_UART_RxCpltCallback
                0x08000660      0x30c ./Src/main.o
                0x08000660                HAL_UART_RxCpltCallback
 .text.HAL_UART_ErrorCallback
                0x0800096c       0x2c ./Src/main.o
                0x0800096c                HAL_UART_ErrorCallback
 .text.assert_failed
                0x08000998        0x4 ./Src/main.o
                0x08000998                assert_failed
 .text.HAL_MspInit
                0x0800099c       0x18 ./Src/stm32f2xx_hal_msp.o
                0x0800099c                HAL_MspInit
 .text.UART4_IRQHandler
                0x080009b4       0x10 ./Src/stm32f2xx_it.o
                0x080009b4                UART4_IRQHandler
 .text.SysTick_Handler
                0x080009c4        0xc ./Src/stm32f2xx_it.o
                0x080009c4                SysTick_Handler
 .text.MX_UART4_Init
                0x080009d0       0x38 ./Src/usart.o
                0x080009d0                MX_UART4_Init
 .text.MX_UART5_Init
                0x08000a08       0x30 ./Src/usart.o
                0x08000a08                MX_UART5_Init
 .text.MX_USART2_UART_Init
                0x08000a38       0x30 ./Src/usart.o
                0x08000a38                MX_USART2_UART_Init
 .text.HAL_UART_MspInit
                0x08000a68       0xf8 ./Src/usart.o
                0x08000a68                HAL_UART_MspInit
 .text.HAL_Init
                0x08000b60       0x38 ./Drivers/STM32F2xx_HAL_Driver/Src/stm32f2xx_hal.o
                0x08000b60                HAL_Init
 .text.HAL_IncTick
                0x08000b98       0x10 ./Drivers/STM32F2xx_HAL_Driver/Src/stm32f2xx_hal.o
                0x08000b98                HAL_IncTick
 .text.HAL_GetTick
                0x08000ba8        0xc ./Drivers/STM32F2xx_HAL_Driver/Src/stm32f2xx_hal.o
                0x08000ba8                HAL_GetTick
 .text.HAL_Delay
                0x08000bb4       0x1c ./Drivers/STM32F2xx_HAL_Driver/Src/stm32f2xx_hal.o
                0x08000bb4                HAL_Delay
 .text.HAL_CAN_Init
                0x08000bd0      0x288 ./Drivers/STM32F2xx_HAL_Driver/Src/stm32f2xx_hal_can.o
                0x08000bd0                HAL_CAN_Init
 .text.HAL_CAN_Transmit_IT
                0x08000e58      0x1fc ./Drivers/STM32F2xx_HAL_Driver/Src/stm32f2xx_hal_can.o
                0x08000e58                HAL_CAN_Transmit_IT
 .text.HAL_CAN_Receive_IT
                0x08001054       0xa8 ./Drivers/STM32F2xx_HAL_Driver/Src/stm32f2xx_hal_can.o
                0x08001054                HAL_CAN_Receive_IT
 .text.HAL_NVIC_SetPriorityGrouping
                0x080010fc       0x3c ./Drivers/STM32F2xx_HAL_Driver/Src/stm32f2xx_hal_cortex.o
                0x080010fc                HAL_NVIC_SetPriorityGrouping
 .text.HAL_NVIC_SetPriority
                0x08001138       0x90 ./Drivers/STM32F2xx_HAL_Driver/Src/stm32f2xx_hal_cortex.o
                0x08001138                HAL_NVIC_SetPriority
 .text.HAL_NVIC_EnableIRQ
                0x080011c8       0x1c ./Drivers/STM32F2xx_HAL_Driver/Src/stm32f2xx_hal_cortex.o
                0x080011c8                HAL_NVIC_EnableIRQ
 .text.HAL_SYSTICK_Config
                0x080011e4       0x30 ./Drivers/STM32F2xx_HAL_Driver/Src/stm32f2xx_hal_cortex.o
                0x080011e4                HAL_SYSTICK_Config
 .text.HAL_SYSTICK_Callback
                0x08001214        0x4 ./Drivers/STM32F2xx_HAL_Driver/Src/stm32f2xx_hal_cortex.o
                0x08001214                HAL_SYSTICK_Callback
 .text.HAL_SYSTICK_IRQHandler
                0x08001218        0x8 ./Drivers/STM32F2xx_HAL_Driver/Src/stm32f2xx_hal_cortex.o
                0x08001218                HAL_SYSTICK_IRQHandler
 .text.HAL_GPIO_Init
                0x08001220      0x384 ./Drivers/STM32F2xx_HAL_Driver/Src/stm32f2xx_hal_gpio.o
                0x08001220                HAL_GPIO_Init
 .text.HAL_GPIO_WritePin
                0x080015a4       0x88 ./Drivers/STM32F2xx_HAL_Driver/Src/stm32f2xx_hal_gpio.o
                0x080015a4                HAL_GPIO_WritePin
 .text.HAL_RCC_OscConfig
                0x0800162c      0x590 ./Drivers/STM32F2xx_HAL_Driver/Src/stm32f2xx_hal_rcc.o
                0x0800162c                HAL_RCC_OscConfig
 .text.HAL_RCC_EnableCSS
                0x08001bbc        0xc ./Drivers/STM32F2xx_HAL_Driver/Src/stm32f2xx_hal_rcc.o
                0x08001bbc                HAL_RCC_EnableCSS
 .text.HAL_RCC_GetSysClockFreq
                0x08001bc8       0xb4 ./Drivers/STM32F2xx_HAL_Driver/Src/stm32f2xx_hal_rcc.o
                0x08001bc8                HAL_RCC_GetSysClockFreq
 .text.HAL_RCC_GetHCLKFreq
                0x08001c7c       0x3c ./Drivers/STM32F2xx_HAL_Driver/Src/stm32f2xx_hal_rcc.o
                0x08001c7c                HAL_RCC_GetHCLKFreq
 .text.HAL_RCC_ClockConfig
                0x08001cb8      0x3ec ./Drivers/STM32F2xx_HAL_Driver/Src/stm32f2xx_hal_rcc.o
                0x08001cb8                HAL_RCC_ClockConfig
 .text.HAL_RCC_GetPCLK1Freq
                0x080020a4       0x34 ./Drivers/STM32F2xx_HAL_Driver/Src/stm32f2xx_hal_rcc.o
                0x080020a4                HAL_RCC_GetPCLK1Freq
 .text.HAL_RCC_GetPCLK2Freq
                0x080020d8       0x34 ./Drivers/STM32F2xx_HAL_Driver/Src/stm32f2xx_hal_rcc.o
                0x080020d8                HAL_RCC_GetPCLK2Freq
 .text.UART_SetConfig
                0x0800210c      0x398 ./Drivers/STM32F2xx_HAL_Driver/Src/stm32f2xx_hal_uart.o
 .text.HAL_UART_Init
                0x080024a4       0xfc ./Drivers/STM32F2xx_HAL_Driver/Src/stm32f2xx_hal_uart.o
                0x080024a4                HAL_UART_Init
 .text.HAL_UART_Transmit_IT
                0x080025a0       0x78 ./Drivers/STM32F2xx_HAL_Driver/Src/stm32f2xx_hal_uart.o
                0x080025a0                HAL_UART_Transmit_IT
 .text.HAL_UART_Receive_IT
                0x08002618       0x78 ./Drivers/STM32F2xx_HAL_Driver/Src/stm32f2xx_hal_uart.o
                0x08002618                HAL_UART_Receive_IT
 .text.HAL_UART_TxCpltCallback
                0x08002690        0x4 ./Drivers/STM32F2xx_HAL_Driver/Src/stm32f2xx_hal_uart.o
                0x08002690                HAL_UART_TxCpltCallback
 .text.UART_Transmit_IT
                0x08002694       0xb0 ./Drivers/STM32F2xx_HAL_Driver/Src/stm32f2xx_hal_uart.o
 .text.UART_Receive_IT
                0x08002744       0xd8 ./Drivers/STM32F2xx_HAL_Driver/Src/stm32f2xx_hal_uart.o
 .text.HAL_UART_IRQHandler
                0x0800281c       0xec ./Drivers/STM32F2xx_HAL_Driver/Src/stm32f2xx_hal_uart.o
                0x0800281c                HAL_UART_IRQHandler
 .text.Reset_Handler
                0x08002908       0x44 ./Drivers/CMSIS/Device/ST/STM32F2xx/Source/Templates/gcc/startup_stm32f2xx.o
                0x08002908                Reset_Handler
 .text.Default_Handler
                0x0800294c        0x2 ./Drivers/CMSIS/Device/ST/STM32F2xx/Source/Templates/gcc/startup_stm32f2xx.o
                0x0800294c                RTC_Alarm_IRQHandler
                0x0800294c                HASH_RNG_IRQHandler
                0x0800294c                EXTI2_IRQHandler
                0x0800294c                TIM8_CC_IRQHandler
                0x0800294c                DebugMon_Handler
                0x0800294c                TIM1_CC_IRQHandler
                0x0800294c                DMA2_Stream5_IRQHandler
                0x0800294c                HardFault_Handler
                0x0800294c                DMA1_Stream5_IRQHandler
                0x0800294c                PVD_IRQHandler
                0x0800294c                SDIO_IRQHandler
                0x0800294c                TAMP_STAMP_IRQHandler
                0x0800294c                PendSV_Handler
                0x0800294c                NMI_Handler
                0x0800294c                CAN2_RX1_IRQHandler
                0x0800294c                EXTI3_IRQHandler
                0x0800294c                TIM8_TRG_COM_TIM14_IRQHandler
                0x0800294c                TIM1_UP_TIM10_IRQHandler
                0x0800294c                TIM8_UP_TIM13_IRQHandler
                0x0800294c                I2C3_ER_IRQHandler
                0x0800294c                EXTI0_IRQHandler
                0x0800294c                I2C2_EV_IRQHandler
                0x0800294c                DMA1_Stream2_IRQHandler
                0x0800294c                CAN1_RX0_IRQHandler
                0x0800294c                OTG_HS_WKUP_IRQHandler
                0x0800294c                UsageFault_Handler
                0x0800294c                CAN2_SCE_IRQHandler
                0x0800294c                DMA2_Stream2_IRQHandler
                0x0800294c                SPI1_IRQHandler
                0x0800294c                TIM6_DAC_IRQHandler
                0x0800294c                TIM1_BRK_TIM9_IRQHandler
                0x0800294c                DCMI_IRQHandler
                0x0800294c                CAN2_RX0_IRQHandler
                0x0800294c                DMA2_Stream3_IRQHandler
                0x0800294c                USART6_IRQHandler
                0x0800294c                USART3_IRQHandler
                0x0800294c                CRYP_IRQHandler
                0x0800294c                CAN1_RX1_IRQHandler
                0x0800294c                UART5_IRQHandler
                0x0800294c                DMA2_Stream0_IRQHandler
                0x0800294c                TIM4_IRQHandler
                0x0800294c                I2C1_EV_IRQHandler
                0x0800294c                DMA1_Stream6_IRQHandler
                0x0800294c                DMA1_Stream1_IRQHandler
                0x0800294c                TIM3_IRQHandler
                0x0800294c                RCC_IRQHandler
                0x0800294c                TIM8_BRK_TIM12_IRQHandler
                0x0800294c                Default_Handler
                0x0800294c                EXTI15_10_IRQHandler
                0x0800294c                ADC_IRQHandler
                0x0800294c                DMA1_Stream7_IRQHandler
                0x0800294c                TIM7_IRQHandler
                0x0800294c                CAN2_TX_IRQHandler
                0x0800294c                TIM5_IRQHandler
                0x0800294c                DMA2_Stream7_IRQHandler
                0x0800294c                I2C3_EV_IRQHandler
                0x0800294c                EXTI9_5_IRQHandler
                0x0800294c                RTC_WKUP_IRQHandler
                0x0800294c                ETH_WKUP_IRQHandler
                0x0800294c                SPI2_IRQHandler
                0x0800294c                OTG_HS_EP1_IN_IRQHandler
                0x0800294c                MemManage_Handler
                0x0800294c                DMA1_Stream0_IRQHandler
                0x0800294c                CAN1_TX_IRQHandler
                0x0800294c                SVC_Handler
                0x0800294c                EXTI4_IRQHandler
                0x0800294c                FSMC_IRQHandler
                0x0800294c                ETH_IRQHandler
                0x0800294c                OTG_HS_EP1_OUT_IRQHandler
                0x0800294c                WWDG_IRQHandler
                0x0800294c                TIM2_IRQHandler
                0x0800294c                OTG_FS_WKUP_IRQHandler
                0x0800294c                TIM1_TRG_COM_TIM11_IRQHandler
                0x0800294c                OTG_HS_IRQHandler
                0x0800294c                EXTI1_IRQHandler
                0x0800294c                USART2_IRQHandler
                0x0800294c                I2C2_ER_IRQHandler
                0x0800294c                DMA2_Stream1_IRQHandler
                0x0800294c                CAN1_SCE_IRQHandler
                0x0800294c                FLASH_IRQHandler
                0x0800294c                DMA2_Stream4_IRQHandler
                0x0800294c                BusFault_Handler
                0x0800294c                USART1_IRQHandler
                0x0800294c                OTG_FS_IRQHandler
                0x0800294c                SPI3_IRQHandler
                0x0800294c                DMA1_Stream4_IRQHandler
                0x0800294c                I2C1_ER_IRQHandler
                0x0800294c                DMA2_Stream6_IRQHandler
                0x0800294c                DMA1_Stream3_IRQHandler
 *fill*         0x0800294e        0x2 
 .text.SystemInit
                0x08002950       0x44 ./Drivers/CMSIS/Device/ST/STM32F2xx/Source/Templates/system_stm32f2xx.o
                0x08002950                SystemInit
 *(.glue_7)
 .glue_7        0x00000000        0x0 linker stubs
 *(.glue_7t)
 .glue_7t       0x00000000        0x0 linker stubs
 *(.eh_frame)
 *(.init)
 *(.fini)
                0x08002994                . = ALIGN (0x4)
                0x08002994                _etext = .

.vfp11_veneer   0x08002994        0x0
 .vfp11_veneer  0x00000000        0x0 linker stubs

.v4_bx          0x08002994        0x0
 .v4_bx         0x00000000        0x0 linker stubs

.iplt           0x08002994        0x0
 .iplt          0x00000000        0x0 ./Src/can.o

.rodata         0x08002994      0x134
                0x08002994                . = ALIGN (0x4)
 *(.rodata)
 *(.rodata*)
 .rodata.str1.4
                0x08002994       0x38 ./Drivers/STM32F2xx_HAL_Driver/Src/stm32f2xx_hal_can.o
 .rodata.str1.4
                0x080029cc       0x3b ./Drivers/STM32F2xx_HAL_Driver/Src/stm32f2xx_hal_cortex.o
                                 0x3c (size before relaxing)
 *fill*         0x08002a07        0x1 
 .rodata.str1.4
                0x08002a08       0x39 ./Drivers/STM32F2xx_HAL_Driver/Src/stm32f2xx_hal_gpio.o
                                 0x3c (size before relaxing)
 *fill*         0x08002a41        0x3 
 .rodata.APBAHBPrescTable
                0x08002a44       0x10 ./Drivers/STM32F2xx_HAL_Driver/Src/stm32f2xx_hal_rcc.o
                0x08002a44                APBAHBPrescTable
 .rodata.str1.4
                0x08002a54       0x38 ./Drivers/STM32F2xx_HAL_Driver/Src/stm32f2xx_hal_rcc.o
 .rodata.str1.4
                0x08002a8c       0x3c ./Drivers/STM32F2xx_HAL_Driver/Src/stm32f2xx_hal_uart.o
                0x08002ac8                . = ALIGN (0x4)

.rel.dyn        0x08002ac8        0x0
 .rel.iplt      0x00000000        0x0 ./Src/can.o

.ARM.extab
 *(.ARM.extab* .gnu.linkonce.armextab.*)

.ARM            0x08002ac8        0x0
                0x08002ac8                __exidx_start = .
 *(.ARM.exidx*)
                0x08002ac8                __exidx_end = .

.preinit_array  0x08002ac8        0x0
                0x08002ac8                PROVIDE (__preinit_array_start, .)
 *(.preinit_array*)
                0x08002ac8                PROVIDE (__preinit_array_end, .)

.init_array     0x08002ac8        0x0
                0x08002ac8                PROVIDE (__init_array_start, .)
 *(SORT(.init_array.*))
 *(.init_array*)
                0x08002ac8                PROVIDE (__init_array_end, .)

.fini_array     0x08002ac8        0x0
                0x08002ac8                PROVIDE (__fini_array_start, .)
 *(SORT(.fini_array.*))
 *(.fini_array*)
                0x08002ac8                PROVIDE (__fini_array_end, .)
                0x08002ac8                _sidata = LOADADDR (.data)

.data           0x20000000        0x4 load address 0x08002ac8
                0x20000000                . = ALIGN (0x4)
                0x20000000                _sdata = .
 *(.data)
 *(.data*)
 .data.SystemCoreClock
                0x20000000        0x4 ./Drivers/CMSIS/Device/ST/STM32F2xx/Source/Templates/system_stm32f2xx.o
                0x20000000                SystemCoreClock
                0x20000004                . = ALIGN (0x4)
                0x20000004                _edata = .

.igot.plt       0x20000004        0x0 load address 0x08002acc
 .igot.plt      0x00000000        0x0 ./Src/can.o
                0x20000004                . = ALIGN (0x4)

.bss            0x20000004     0x1d90 load address 0x08002acc
                0x20000004                _sbss = .
                0x20000004                __bss_start__ = _sbss
 *(.bss)
 *(.bss*)
 .bss.canMessCounter
                0x20000004        0x4 ./Src/main.o
                0x20000004                canMessCounter
 .bss.rpuChannelsQty
                0x20000008        0x4 ./Src/main.o
                0x20000008                rpuChannelsQty
 .bss.uwTick    0x2000000c        0x4 ./Drivers/STM32F2xx_HAL_Driver/Src/stm32f2xx_hal.o
 *(COMMON)
 COMMON         0x20000010       0x40 ./Src/can.o
                0x20000010                hcan2
 COMMON         0x20000050     0x1c8d ./Src/main.o
                0x20000050                dataArrIndex
                0x20000054                EXTID
                0x20000058                mas
                0x2000005c                MDLUTransmitData
                0x20000064                MDUSdata
                0x2000006c                Priority
                0x20000070                STDID
                0x20000074                h52BINRmas
                0x20000154                TxCntBINR
                0x20000158                MDLUdata
                0x20000160                MsgType
                0x20000164                RxBINR
                0x20000964                RxBinrBuffOverrun
                0x20000968                CanHandle
                0x200009a8                Devtype
                0x200009ac                h88BINRmas
                0x200009f1                sendNMEA0183
                0x200009f2                TxCntNMEA0183
                0x200009f4                DLINA_AT
                0x200009f6                sendRS485
                0x200009f7                sendBINR
                0x200009f8                MsgMode
                0x200009fc                MDUSTransmitData
                0x20000a04                beginCANTransmitFlag
                0x20000a08                TxBINR
                0x20000bfc                reciveNMEA0183
                0x20000bfe                Serial
                0x20000c00                checkMessageFlag
                0x20000c04                hE4BINRmas
                0x20000e18                RxNMEA0183
                0x2000100c                flagnewbinr
                0x20001010                IIMConf
                0x20001018                T7Flag
                0x2000101a                RxCntBINR
                0x2000101c                TxNMEA0183
                0x20001210                reciveADRRS485
                0x20001214                MDADTransmitData
                0x20001220                h41BINRmas
                0x2000122c                RxRS485
                0x20001420                TxRS485
                0x20001614                arrCANdata
                0x2000161c                AT_COM
                0x2000165c                inc
                0x2000165d                IIMinstr
                0x2000165e                h41BINRok
                0x20001660                idleCounter
                0x20001664                reciveRS485
                0x20001665                TxCntRS485
                0x20001666                IIMTransmitType
                0x20001667                hE4BINRok
                0x20001668                aRxBuffer
                0x20001a50                MDADdata
                0x20001a5c                rxCounter
                0x20001a60                framedMessagesArr
                0x20001c68                reciveBINR
                0x20001c69                RxCntRS485
                0x20001c6c                TxMessage
                0x20001ca0                h52BINRok
                0x20001ca1                modeCANmsg
                0x20001ca2                h88BINRok
                0x20001ca3                IIMTyp
                0x20001ca4                RxCntNMEA0183
                0x20001ca8                framedArrCANTx
                0x20001cda                RxWrIndex
                0x20001cdc                NumberSatateRxBINR
 *fill*         0x20001cdd        0x3 
 COMMON         0x20001ce0       0xb4 ./Src/usart.o
                0x20001ce0                huart5
                0x20001d1c                huart4
                0x20001d58                huart2
                0x20001d94                . = ALIGN (0x4)
                0x20001d94                _ebss = .
                0x20001d94                __bss_end__ = _ebss

._user_heap_stack
                0x20001d94      0x400 load address 0x08002acc
                0x20001d94                . = ALIGN (0x4)
                0x20001d94                PROVIDE (end, .)
                0x20001d94                PROVIDE (_end, .)
                0x20001d94                . = (. + _Min_Heap_Size)
                0x20002194                . = (. + _Min_Stack_Size)
 *fill*         0x20001d94      0x400 
                0x20002194                . = ALIGN (0x4)

/DISCARD/
 libc.a(*)
 libm.a(*)
 libgcc.a(*)

.ARM.attributes
                0x00000000       0x31
 *(.ARM.attributes)
 .ARM.attributes
                0x00000000       0x33 ./Src/can.o
 .ARM.attributes
                0x00000033       0x33 ./Src/gpio.o
 .ARM.attributes
                0x00000066       0x33 ./Src/main.o
 .ARM.attributes
                0x00000099       0x33 ./Src/stm32f2xx_hal_msp.o
 .ARM.attributes
                0x000000cc       0x33 ./Src/stm32f2xx_it.o
 .ARM.attributes
                0x000000ff       0x33 ./Src/usart.o
 .ARM.attributes
                0x00000132       0x33 ./Drivers/STM32F2xx_HAL_Driver/Src/stm32f2xx_hal.o
 .ARM.attributes
                0x00000165       0x33 ./Drivers/STM32F2xx_HAL_Driver/Src/stm32f2xx_hal_can.o
 .ARM.attributes
                0x00000198       0x33 ./Drivers/STM32F2xx_HAL_Driver/Src/stm32f2xx_hal_cortex.o
 .ARM.attributes
                0x000001cb       0x33 ./Drivers/STM32F2xx_HAL_Driver/Src/stm32f2xx_hal_gpio.o
 .ARM.attributes
                0x000001fe       0x33 ./Drivers/STM32F2xx_HAL_Driver/Src/stm32f2xx_hal_rcc.o
 .ARM.attributes
                0x00000231       0x33 ./Drivers/STM32F2xx_HAL_Driver/Src/stm32f2xx_hal_uart.o
 .ARM.attributes
                0x00000264       0x21 ./Drivers/CMSIS/Device/ST/STM32F2xx/Source/Templates/gcc/startup_stm32f2xx.o
 .ARM.attributes
                0x00000285       0x33 ./Drivers/CMSIS/Device/ST/STM32F2xx/Source/Templates/system_stm32f2xx.o
OUTPUT(1.elf elf32-littlearm)

.debug_info     0x00000000     0x9937
 .debug_info    0x00000000      0x93a ./Src/can.o
 .debug_info    0x0000093a      0x3c9 ./Src/gpio.o
 .debug_info    0x00000d03     0x1d74 ./Src/main.o
 .debug_info    0x00002a77      0x32a ./Src/stm32f2xx_hal_msp.o
 .debug_info    0x00002da1      0x582 ./Src/stm32f2xx_it.o
 .debug_info    0x00003323      0xc67 ./Src/usart.o
 .debug_info    0x00003f8a      0x549 ./Drivers/STM32F2xx_HAL_Driver/Src/stm32f2xx_hal.o
 .debug_info    0x000044d3      0xf42 ./Drivers/STM32F2xx_HAL_Driver/Src/stm32f2xx_hal_can.o
 .debug_info    0x00005415      0xd54 ./Drivers/STM32F2xx_HAL_Driver/Src/stm32f2xx_hal_cortex.o
 .debug_info    0x00006169      0x773 ./Drivers/STM32F2xx_HAL_Driver/Src/stm32f2xx_hal_gpio.o
 .debug_info    0x000068dc     0x17c0 ./Drivers/STM32F2xx_HAL_Driver/Src/stm32f2xx_hal_rcc.o
 .debug_info    0x0000809c     0x1389 ./Drivers/STM32F2xx_HAL_Driver/Src/stm32f2xx_hal_uart.o
 .debug_info    0x00009425       0x8c ./Drivers/CMSIS/Device/ST/STM32F2xx/Source/Templates/gcc/startup_stm32f2xx.o
 .debug_info    0x000094b1      0x486 ./Drivers/CMSIS/Device/ST/STM32F2xx/Source/Templates/system_stm32f2xx.o

.debug_abbrev   0x00000000     0x195a
 .debug_abbrev  0x00000000      0x1b1 ./Src/can.o
 .debug_abbrev  0x000001b1      0x137 ./Src/gpio.o
 .debug_abbrev  0x000002e8      0x37e ./Src/main.o
 .debug_abbrev  0x00000666       0xd1 ./Src/stm32f2xx_hal_msp.o
 .debug_abbrev  0x00000737      0x145 ./Src/stm32f2xx_it.o
 .debug_abbrev  0x0000087c      0x1b2 ./Src/usart.o
 .debug_abbrev  0x00000a2e      0x1b0 ./Drivers/STM32F2xx_HAL_Driver/Src/stm32f2xx_hal.o
 .debug_abbrev  0x00000bde      0x22f ./Drivers/STM32F2xx_HAL_Driver/Src/stm32f2xx_hal_can.o
 .debug_abbrev  0x00000e0d      0x2bb ./Drivers/STM32F2xx_HAL_Driver/Src/stm32f2xx_hal_cortex.o
 .debug_abbrev  0x000010c8      0x1ef ./Drivers/STM32F2xx_HAL_Driver/Src/stm32f2xx_hal_gpio.o
 .debug_abbrev  0x000012b7      0x32b ./Drivers/STM32F2xx_HAL_Driver/Src/stm32f2xx_hal_rcc.o
 .debug_abbrev  0x000015e2      0x262 ./Drivers/STM32F2xx_HAL_Driver/Src/stm32f2xx_hal_uart.o
 .debug_abbrev  0x00001844       0x12 ./Drivers/CMSIS/Device/ST/STM32F2xx/Source/Templates/gcc/startup_stm32f2xx.o
 .debug_abbrev  0x00001856      0x104 ./Drivers/CMSIS/Device/ST/STM32F2xx/Source/Templates/system_stm32f2xx.o

.debug_loc      0x00000000     0x2d7e
 .debug_loc     0x00000000       0x42 ./Src/can.o
 .debug_loc     0x00000042      0x70a ./Src/main.o
 .debug_loc     0x0000074c       0xa6 ./Src/usart.o
 .debug_loc     0x000007f2       0x1f ./Drivers/STM32F2xx_HAL_Driver/Src/stm32f2xx_hal.o
 .debug_loc     0x00000811      0x674 ./Drivers/STM32F2xx_HAL_Driver/Src/stm32f2xx_hal_can.o
 .debug_loc     0x00000e85      0x537 ./Drivers/STM32F2xx_HAL_Driver/Src/stm32f2xx_hal_cortex.o
 .debug_loc     0x000013bc      0x2aa ./Drivers/STM32F2xx_HAL_Driver/Src/stm32f2xx_hal_gpio.o
 .debug_loc     0x00001666      0x700 ./Drivers/STM32F2xx_HAL_Driver/Src/stm32f2xx_hal_rcc.o
 .debug_loc     0x00001d66      0xf15 ./Drivers/STM32F2xx_HAL_Driver/Src/stm32f2xx_hal_uart.o
 .debug_loc     0x00002c7b      0x103 ./Drivers/CMSIS/Device/ST/STM32F2xx/Source/Templates/system_stm32f2xx.o

.debug_aranges  0x00000000      0x5b8
 .debug_aranges
                0x00000000       0x30 ./Src/can.o
 .debug_aranges
                0x00000030       0x20 ./Src/gpio.o
 .debug_aranges
                0x00000050       0x88 ./Src/main.o
 .debug_aranges
                0x000000d8       0x20 ./Src/stm32f2xx_hal_msp.o
 .debug_aranges
                0x000000f8       0x28 ./Src/stm32f2xx_it.o
 .debug_aranges
                0x00000120       0x40 ./Src/usart.o
 .debug_aranges
                0x00000160       0xa8 ./Drivers/STM32F2xx_HAL_Driver/Src/stm32f2xx_hal.o
 .debug_aranges
                0x00000208       0xb0 ./Drivers/STM32F2xx_HAL_Driver/Src/stm32f2xx_hal_can.o
 .debug_aranges
                0x000002b8       0x90 ./Drivers/STM32F2xx_HAL_Driver/Src/stm32f2xx_hal_cortex.o
 .debug_aranges
                0x00000348       0x50 ./Drivers/STM32F2xx_HAL_Driver/Src/stm32f2xx_hal_gpio.o
 .debug_aranges
                0x00000398       0x88 ./Drivers/STM32F2xx_HAL_Driver/Src/stm32f2xx_hal_rcc.o
 .debug_aranges
                0x00000420      0x148 ./Drivers/STM32F2xx_HAL_Driver/Src/stm32f2xx_hal_uart.o
 .debug_aranges
                0x00000568       0x28 ./Drivers/CMSIS/Device/ST/STM32F2xx/Source/Templates/gcc/startup_stm32f2xx.o
 .debug_aranges
                0x00000590       0x28 ./Drivers/CMSIS/Device/ST/STM32F2xx/Source/Templates/system_stm32f2xx.o

.debug_ranges   0x00000000      0x590
 .debug_ranges  0x00000000       0x20 ./Src/can.o
 .debug_ranges  0x00000020       0x10 ./Src/gpio.o
 .debug_ranges  0x00000030      0x128 ./Src/main.o
 .debug_ranges  0x00000158       0x10 ./Src/stm32f2xx_hal_msp.o
 .debug_ranges  0x00000168       0x18 ./Src/stm32f2xx_it.o
 .debug_ranges  0x00000180       0x30 ./Src/usart.o
 .debug_ranges  0x000001b0       0x98 ./Drivers/STM32F2xx_HAL_Driver/Src/stm32f2xx_hal.o
 .debug_ranges  0x00000248       0xa0 ./Drivers/STM32F2xx_HAL_Driver/Src/stm32f2xx_hal_can.o
 .debug_ranges  0x000002e8       0x80 ./Drivers/STM32F2xx_HAL_Driver/Src/stm32f2xx_hal_cortex.o
 .debug_ranges  0x00000368       0x40 ./Drivers/STM32F2xx_HAL_Driver/Src/stm32f2xx_hal_gpio.o
 .debug_ranges  0x000003a8       0x78 ./Drivers/STM32F2xx_HAL_Driver/Src/stm32f2xx_hal_rcc.o
 .debug_ranges  0x00000420      0x138 ./Drivers/STM32F2xx_HAL_Driver/Src/stm32f2xx_hal_uart.o
 .debug_ranges  0x00000558       0x20 ./Drivers/CMSIS/Device/ST/STM32F2xx/Source/Templates/gcc/startup_stm32f2xx.o
 .debug_ranges  0x00000578       0x18 ./Drivers/CMSIS/Device/ST/STM32F2xx/Source/Templates/system_stm32f2xx.o

.debug_macro    0x00000000     0xd0e4
 .debug_macro   0x00000000      0x17c ./Src/can.o
 .debug_macro   0x0000017c      0x880 ./Src/can.o
 .debug_macro   0x000009fc      0x18c ./Src/can.o
 .debug_macro   0x00000b88       0x28 ./Src/can.o
 .debug_macro   0x00000bb0       0x22 ./Src/can.o
 .debug_macro   0x00000bd2       0x3a ./Src/can.o
 .debug_macro   0x00000c0c       0x52 ./Src/can.o
 .debug_macro   0x00000c5e       0x16 ./Src/can.o
 .debug_macro   0x00000c74       0x35 ./Src/can.o
 .debug_macro   0x00000ca9       0xa3 ./Src/can.o
 .debug_macro   0x00000d4c      0x20e ./Src/can.o
 .debug_macro   0x00000f5a       0x2d ./Src/can.o
 .debug_macro   0x00000f87      0xbb1 ./Src/can.o
 .debug_macro   0x00001b38     0x832f ./Src/can.o
 .debug_macro   0x00009e67       0x43 ./Src/can.o
 .debug_macro   0x00009eaa       0x46 ./Src/can.o
 .debug_macro   0x00009ef0      0xe89 ./Src/can.o
 .debug_macro   0x0000ad79       0x2e ./Src/can.o
 .debug_macro   0x0000ada7      0x138 ./Src/can.o
 .debug_macro   0x0000aedf       0xfb ./Src/can.o
 .debug_macro   0x0000afda      0x2c6 ./Src/can.o
 .debug_macro   0x0000b2a0       0x52 ./Src/can.o
 .debug_macro   0x0000b2f2      0x3bb ./Src/can.o
 .debug_macro   0x0000b6ad      0x132 ./Src/can.o
 .debug_macro   0x0000b7df      0x1fc ./Src/can.o
 .debug_macro   0x0000b9db      0x155 ./Src/can.o
 .debug_macro   0x0000bb30      0x1ed ./Src/can.o
 .debug_macro   0x0000bd1d      0x125 ./Src/can.o
 .debug_macro   0x0000be42      0x172 ./Src/gpio.o
 .debug_macro   0x0000bfb4      0x203 ./Src/main.o
 .debug_macro   0x0000c1b7       0x22 ./Src/main.o
 .debug_macro   0x0000c1d9      0x168 ./Src/stm32f2xx_hal_msp.o
 .debug_macro   0x0000c341      0x172 ./Src/stm32f2xx_it.o
 .debug_macro   0x0000c4b3      0x17c ./Src/usart.o
 .debug_macro   0x0000c62f      0x1b6 ./Drivers/STM32F2xx_HAL_Driver/Src/stm32f2xx_hal.o
 .debug_macro   0x0000c7e5      0x168 ./Drivers/STM32F2xx_HAL_Driver/Src/stm32f2xx_hal_can.o
 .debug_macro   0x0000c94d      0x168 ./Drivers/STM32F2xx_HAL_Driver/Src/stm32f2xx_hal_cortex.o
 .debug_macro   0x0000cab5      0x1a7 ./Drivers/STM32F2xx_HAL_Driver/Src/stm32f2xx_hal_gpio.o
 .debug_macro   0x0000cc5c      0x1aa ./Drivers/STM32F2xx_HAL_Driver/Src/stm32f2xx_hal_rcc.o
 .debug_macro   0x0000ce06      0x170 ./Drivers/STM32F2xx_HAL_Driver/Src/stm32f2xx_hal_uart.o
 .debug_macro   0x0000cf76      0x16e ./Drivers/CMSIS/Device/ST/STM32F2xx/Source/Templates/system_stm32f2xx.o

.debug_line     0x00000000     0x52b4
 .debug_line    0x00000000      0x487 ./Src/can.o
 .debug_line    0x00000487      0x459 ./Src/gpio.o
 .debug_line    0x000008e0      0x722 ./Src/main.o
 .debug_line    0x00001002      0x449 ./Src/stm32f2xx_hal_msp.o
 .debug_line    0x0000144b      0x467 ./Src/stm32f2xx_it.o
 .debug_line    0x000018b2      0x4d7 ./Src/usart.o
 .debug_line    0x00001d89      0x59d ./Drivers/STM32F2xx_HAL_Driver/Src/stm32f2xx_hal.o
 .debug_line    0x00002326      0x98d ./Drivers/STM32F2xx_HAL_Driver/Src/stm32f2xx_hal_can.o
 .debug_line    0x00002cb3      0x609 ./Drivers/STM32F2xx_HAL_Driver/Src/stm32f2xx_hal_cortex.o
 .debug_line    0x000032bc      0x5d9 ./Drivers/STM32F2xx_HAL_Driver/Src/stm32f2xx_hal_gpio.o
 .debug_line    0x00003895      0x904 ./Drivers/STM32F2xx_HAL_Driver/Src/stm32f2xx_hal_rcc.o
 .debug_line    0x00004199      0xbd2 ./Drivers/STM32F2xx_HAL_Driver/Src/stm32f2xx_hal_uart.o
 .debug_line    0x00004d6b       0xa9 ./Drivers/CMSIS/Device/ST/STM32F2xx/Source/Templates/gcc/startup_stm32f2xx.o
 .debug_line    0x00004e14      0x4a0 ./Drivers/CMSIS/Device/ST/STM32F2xx/Source/Templates/system_stm32f2xx.o

.debug_str      0x00000000    0x4eacb
 .debug_str     0x00000000    0x4c1c8 ./Src/can.o
                              0x4c2c0 (size before relaxing)
 .debug_str     0x0004c1c8       0x1b ./Src/gpio.o
                              0x4bfc7 (size before relaxing)
 .debug_str     0x0004c1e3      0xe61 ./Src/main.o
                              0x4d02c (size before relaxing)
 .debug_str     0x0004d044      0x52c ./Src/stm32f2xx_hal_msp.o
                              0x4c347 (size before relaxing)
 .debug_str     0x0004d570       0x80 ./Src/stm32f2xx_it.o
                              0x4c354 (size before relaxing)
 .debug_str     0x0004d5f0       0x76 ./Src/usart.o
                              0x4ca3e (size before relaxing)
 .debug_str     0x0004d666      0x45d ./Drivers/STM32F2xx_HAL_Driver/Src/stm32f2xx_hal.o
                              0x4c416 (size before relaxing)
 .debug_str     0x0004dac3      0x1bf ./Drivers/STM32F2xx_HAL_Driver/Src/stm32f2xx_hal_can.o
                              0x4c3ad (size before relaxing)
 .debug_str     0x0004dc82      0x275 ./Drivers/STM32F2xx_HAL_Driver/Src/stm32f2xx_hal_cortex.o
                              0x4c739 (size before relaxing)
 .debug_str     0x0004def7      0x53b ./Drivers/STM32F2xx_HAL_Driver/Src/stm32f2xx_hal_gpio.o
                              0x4c551 (size before relaxing)
 .debug_str     0x0004e432      0x2ff ./Drivers/STM32F2xx_HAL_Driver/Src/stm32f2xx_hal_rcc.o
                              0x4ca37 (size before relaxing)
 .debug_str     0x0004e731      0x311 ./Drivers/STM32F2xx_HAL_Driver/Src/stm32f2xx_hal_uart.o
                              0x4c750 (size before relaxing)
 .debug_str     0x0004ea42       0x89 ./Drivers/CMSIS/Device/ST/STM32F2xx/Source/Templates/system_stm32f2xx.o
                              0x4c02b (size before relaxing)

.comment        0x00000000       0x30
 .comment       0x00000000       0x30 ./Src/can.o
                                 0x31 (size before relaxing)
 .comment       0x00000000       0x31 ./Src/gpio.o
 .comment       0x00000000       0x31 ./Src/main.o
 .comment       0x00000000       0x31 ./Src/stm32f2xx_hal_msp.o
 .comment       0x00000000       0x31 ./Src/stm32f2xx_it.o
 .comment       0x00000000       0x31 ./Src/usart.o
 .comment       0x00000000       0x31 ./Drivers/STM32F2xx_HAL_Driver/Src/stm32f2xx_hal.o
 .comment       0x00000000       0x31 ./Drivers/STM32F2xx_HAL_Driver/Src/stm32f2xx_hal_can.o
 .comment       0x00000000       0x31 ./Drivers/STM32F2xx_HAL_Driver/Src/stm32f2xx_hal_cortex.o
 .comment       0x00000000       0x31 ./Drivers/STM32F2xx_HAL_Driver/Src/stm32f2xx_hal_gpio.o
 .comment       0x00000000       0x31 ./Drivers/STM32F2xx_HAL_Driver/Src/stm32f2xx_hal_rcc.o
 .comment       0x00000000       0x31 ./Drivers/STM32F2xx_HAL_Driver/Src/stm32f2xx_hal_uart.o
 .comment       0x00000000       0x31 ./Drivers/CMSIS/Device/ST/STM32F2xx/Source/Templates/system_stm32f2xx.o

.debug_frame    0x00000000      0xcec
 .debug_frame   0x00000000       0x58 ./Src/can.o
 .debug_frame   0x00000058       0x30 ./Src/gpio.o
 .debug_frame   0x00000088      0x180 ./Src/main.o
 .debug_frame   0x00000208       0x28 ./Src/stm32f2xx_hal_msp.o
 .debug_frame   0x00000230       0x40 ./Src/stm32f2xx_it.o
 .debug_frame   0x00000270       0x90 ./Src/usart.o
 .debug_frame   0x00000300      0x14c ./Drivers/STM32F2xx_HAL_Driver/Src/stm32f2xx_hal.o
 .debug_frame   0x0000044c      0x1d4 ./Drivers/STM32F2xx_HAL_Driver/Src/stm32f2xx_hal_can.o
 .debug_frame   0x00000620      0x134 ./Drivers/STM32F2xx_HAL_Driver/Src/stm32f2xx_hal_cortex.o
 .debug_frame   0x00000754       0xd8 ./Drivers/STM32F2xx_HAL_Driver/Src/stm32f2xx_hal_gpio.o
 .debug_frame   0x0000082c      0x13c ./Drivers/STM32F2xx_HAL_Driver/Src/stm32f2xx_hal_rcc.o
 .debug_frame   0x00000968      0x354 ./Drivers/STM32F2xx_HAL_Driver/Src/stm32f2xx_hal_uart.o
 .debug_frame   0x00000cbc       0x30 ./Drivers/CMSIS/Device/ST/STM32F2xx/Source/Templates/system_stm32f2xx.o
